Archive member included because of file (symbol)

c:/dave-3.1.10/arm-gcc/bin/../lib/gcc/arm-none-eabi/4.7.4/../../../../arm-none-eabi/lib/armv7e-m\libm.a(lib_a-s_ceil.o)
                              LSM9DS1_Driver.o (ceil)
c:/dave-3.1.10/arm-gcc/bin/../lib/gcc/arm-none-eabi/4.7.4/../../../../arm-none-eabi/lib/armv7e-m\libm.a(lib_a-s_round.o)
                              LSM9DS1_Driver.o (round)
c:/dave-3.1.10/arm-gcc/bin/../lib/gcc/arm-none-eabi/4.7.4/armv7e-m\libgcc.a(_arm_addsubdf3.o)
                              c:/dave-3.1.10/arm-gcc/bin/../lib/gcc/arm-none-eabi/4.7.4/../../../../arm-none-eabi/lib/armv7e-m\libm.a(lib_a-s_ceil.o) (__aeabi_dadd)
c:/dave-3.1.10/arm-gcc/bin/../lib/gcc/arm-none-eabi/4.7.4/armv7e-m\libgcc.a(_arm_muldivdf3.o)
                              LSM9DS1_Driver.o (__aeabi_ddiv)
c:/dave-3.1.10/arm-gcc/bin/../lib/gcc/arm-none-eabi/4.7.4/armv7e-m\libgcc.a(_arm_cmpdf2.o)
                              c:/dave-3.1.10/arm-gcc/bin/../lib/gcc/arm-none-eabi/4.7.4/../../../../arm-none-eabi/lib/armv7e-m\libm.a(lib_a-s_ceil.o) (__aeabi_dcmpgt)
c:/dave-3.1.10/arm-gcc/bin/../lib/gcc/arm-none-eabi/4.7.4/armv7e-m\libgcc.a(_arm_fixdfsi.o)
                              LSM9DS1_Driver.o (__aeabi_d2iz)
c:/dave-3.1.10/arm-gcc/bin/../lib/gcc/arm-none-eabi/4.7.4/armv7e-m\libgcc.a(_arm_truncdfsf2.o)
                              LSM9DS1_Driver.o (__aeabi_d2f)
c:/dave-3.1.10/arm-gcc/bin/../lib/gcc/arm-none-eabi/4.7.4/../../../../arm-none-eabi/lib/armv7e-m\libg.a(lib_a-init.o)
                              Startup/startup_XMC4500.o (__libc_init_array)

Allocating common symbols
Common symbol       size              file

aBias               0xc               LSM9DS1_Driver.o
mBiasRaw            0x6               LSM9DS1_Driver.o
StatusReadBytes     0x4               LSM9DS1_Driver.o
TimerTbl            0x400             Dave/Generated/src/SYSTM001/SYSTM001.o
settings            0x28              LSM9DS1_Driver.o
_autoCalc           0x1               LSM9DS1_Driver.o
Status              0x4               LSM9DS1_Driver.o
gy                  0x2               LSM9DS1_Driver.o
az                  0x2               LSM9DS1_Driver.o
temperature         0x2               LSM9DS1_Driver.o
WriteTimerId        0x4               LSM9DS1_Driver.o
my                  0x2               LSM9DS1_Driver.o
pomiary             0x78              Main.o
ax                  0x2               LSM9DS1_Driver.o
aRes                0x4               LSM9DS1_Driver.o
_mAddress           0x1               LSM9DS1_Driver.o
_xgAddress          0x1               LSM9DS1_Driver.o
TimerIdReadBytes    0x4               LSM9DS1_Driver.o
gBiasRaw            0x6               LSM9DS1_Driver.o
aBiasRaw            0x6               LSM9DS1_Driver.o
WriteTimerStatus    0x4               LSM9DS1_Driver.o
gz                  0x2               LSM9DS1_Driver.o
gRes                0x4               LSM9DS1_Driver.o
mz                  0x2               LSM9DS1_Driver.o
gBias               0xc               LSM9DS1_Driver.o
mRes                0x4               LSM9DS1_Driver.o
gx                  0x2               LSM9DS1_Driver.o
ay                  0x2               LSM9DS1_Driver.o
mx                  0x2               LSM9DS1_Driver.o
TimerId             0x4               LSM9DS1_Driver.o
mBias               0xc               LSM9DS1_Driver.o

Discarded input sections

 .group         0x00000000        0x8 LSM9DS1_Driver.o
 .group         0x00000000        0x8 LSM9DS1_Driver.o
 .group         0x00000000        0x8 LSM9DS1_Driver.o
 .group         0x00000000        0x8 LSM9DS1_Driver.o
 .group         0x00000000        0x8 LSM9DS1_Driver.o
 .group         0x00000000        0x8 LSM9DS1_Driver.o
 .group         0x00000000        0x8 LSM9DS1_Driver.o
 .group         0x00000000        0x8 LSM9DS1_Driver.o
 .group         0x00000000        0x8 LSM9DS1_Driver.o
 .group         0x00000000        0x8 LSM9DS1_Driver.o
 .group         0x00000000        0x8 LSM9DS1_Driver.o
 .group         0x00000000        0x8 LSM9DS1_Driver.o
 .group         0x00000000        0x8 LSM9DS1_Driver.o
 .group         0x00000000        0x8 LSM9DS1_Driver.o
 .group         0x00000000        0x8 LSM9DS1_Driver.o
 .group         0x00000000        0x8 LSM9DS1_Driver.o
 .group         0x00000000        0x8 LSM9DS1_Driver.o
 .group         0x00000000        0x8 LSM9DS1_Driver.o
 .group         0x00000000        0x8 LSM9DS1_Driver.o
 .group         0x00000000        0x8 LSM9DS1_Driver.o
 .group         0x00000000        0x8 LSM9DS1_Driver.o
 .group         0x00000000        0x8 LSM9DS1_Driver.o
 .group         0x00000000        0x8 LSM9DS1_Driver.o
 .group         0x00000000        0x8 LSM9DS1_Driver.o
 .group         0x00000000        0x8 LSM9DS1_Driver.o
 .group         0x00000000        0x8 LSM9DS1_Driver.o
 .group         0x00000000        0x8 LSM9DS1_Driver.o
 .group         0x00000000        0x8 LSM9DS1_Driver.o
 .group         0x00000000        0x8 LSM9DS1_Driver.o
[...]
Memory Configuration

Name             Origin             Length             Attributes
FLASH_1_cached   0x08000000         0x00100000         xr
FLASH_1_uncached 0x0c000000         0x00100000         xr
PSRAM_1          0x10000000         0x00010000         !xr
DSRAM_1_system   0x20000000         0x00010000         !xr
DSRAM_2_comm     0x30000000         0x00008000         !xr
*default*        0x00000000         0xffffffff

Linker script and memory map

LOAD LSM9DS1_Driver.o
LOAD Main.o
LOAD Timer.o
LOAD Startup/startup_XMC4500.o
LOAD Startup/system_XMC4500.o
LOAD Lib/System_LibcStubs.o
LOAD Dave/Generated/src/SYSTM001/SYSTM001.o
LOAD Dave/Generated/src/RESET001/RESET001.o
LOAD Dave/Generated/src/NVIC002/NVIC002.o
LOAD Dave/Generated/src/NVIC002/NVIC002_Conf.o
LOAD Dave/Generated/src/LIBS/CCU8PWMLIB.o
LOAD Dave/Generated/src/LIBS/MOTORLIB.o
LOAD Dave/Generated/src/I2C001/I2C001.o
LOAD Dave/Generated/src/I2C001/I2C001_Conf.o
LOAD Dave/Generated/src/DAVESupport/DAVE3.o
LOAD Dave/Generated/src/DAVESupport/MULTIPLEXER.o
LOAD Dave/Generated/src/CLK001/CLK001.o
LOAD c:/dave-3.1.10/arm-gcc/bin/../lib/gcc/arm-none-eabi/4.7.4/../../../../arm-none-eabi/lib/armv7e-m\libm.a
START GROUP
LOAD c:/dave-3.1.10/arm-gcc/bin/../lib/gcc/arm-none-eabi/4.7.4/armv7e-m\libgcc.a
LOAD c:/dave-3.1.10/arm-gcc/bin/../lib/gcc/arm-none-eabi/4.7.4/../../../../arm-none-eabi/lib/armv7e-m\libg.a
LOAD c:/dave-3.1.10/arm-gcc/bin/../lib/gcc/arm-none-eabi/4.7.4/../../../../arm-none-eabi/lib/armv7e-m\libc.a
END GROUP
                0x00000800                stack_size = 0x800

.text           0x08000000     0x5f70 load address 0x0c000000
                0x08000000                sText = .
 *(.Xmc4500.reset)
 .Xmc4500.reset
                0x08000000      0x21c Startup/startup_XMC4500.o
                0x08000000                __Xmc4500_interrupt_vector_cortex_m
                0x08000200                __Xmc4500_reset_cortex_m
 *(.Xmc4500.postreset)
 .Xmc4500.postreset
                0x0800021c       0xa8 Startup/startup_XMC4500.o
 *(.XmcStartup)
 .XmcStartup    0x080002c4        0x4 Startup/startup_XMC4500.o
 *(.text .text.* .gnu.linkonce.t.*)
 .text          0x080002c8        0x0 LSM9DS1_Driver.o
 .text.init     0x080002c8      0x2bc LSM9DS1_Driver.o
                0x080002c8                init
 .text.begin    0x08000584       0xb8 LSM9DS1_Driver.o
                0x08000584                begin
 .text.constrainScales
                0x0800063c       0xdc LSM9DS1_Driver.o
                0x0800063c                constrainScales
 .text.initI2C  0x08000718        0xc LSM9DS1_Driver.o
                0x08000718                initI2C
 .text.initSPI  0x08000724        0xc LSM9DS1_Driver.o
                0x08000724                initSPI
 .text.calcgRes
                0x08000730       0x34 LSM9DS1_Driver.o
                0x08000730                calcgRes
 .text.calcaRes
                0x08000764       0x34 LSM9DS1_Driver.o
                0x08000764                calcaRes
 .text.calcmRes
                0x08000798       0xb4 LSM9DS1_Driver.o
                0x08000798                calcmRes
 .text.delay    0x0800084c       0x34 LSM9DS1_Driver.o
                0x0800084c                delay
 .text.I2CreadByte
                0x08000880      0x150 LSM9DS1_Driver.o
                0x08000880                I2CreadByte
 .text.mReadByte
                0x080009d0       0x3c LSM9DS1_Driver.o
                0x080009d0                mReadByte
 .text.xgReadByte
                0x08000a0c       0x3c LSM9DS1_Driver.o
                0x08000a0c                xgReadByte
 .text.initGyro
                0x08000a48      0x1a4 LSM9DS1_Driver.o
                0x08000a48                initGyro
 .text.xgWriteByte
                0x08000bec       0x3c LSM9DS1_Driver.o
                0x08000bec                xgWriteByte
 .text.I2CwriteByte
                0x08000c28       0xd4 LSM9DS1_Driver.o
                0x08000c28                I2CwriteByte
 .text.initAccel
                0x08000cfc      0x144 LSM9DS1_Driver.o
                0x08000cfc                initAccel
 .text.initMag  0x08000e40      0x140 LSM9DS1_Driver.o
                0x08000e40                initMag
 .text.mWriteByte
                0x08000f80       0x40 LSM9DS1_Driver.o
                0x08000f80                mWriteByte
 .text.enableFIFO
                0x08000fc0       0x44 LSM9DS1_Driver.o
                0x08000fc0                enableFIFO
 .text.setFIFO  0x08001004       0x40 LSM9DS1_Driver.o
                0x08001004                setFIFO
 .text.calibrate
                0x08001044      0x240 LSM9DS1_Driver.o
                0x08001044                calibrate
 .text.xgReadBytes
                0x08001284       0x68 LSM9DS1_Driver.o
                0x08001284                xgReadBytes
 .text.SPIreadBytes
                0x080012ec       0x1c LSM9DS1_Driver.o
                0x080012ec                SPIreadBytes
 .text.readGyro1
                0x08001308      0x144 LSM9DS1_Driver.o
                0x08001308                readGyro1
 .text.readAccel1
                0x0800144c      0x134 LSM9DS1_Driver.o
                0x0800144c                readAccel1
 .text.readAccelToSensor
                0x08001580      0x1dc LSM9DS1_Driver.o
                0x08001580                readAccelToSensor
 .text.I2CreadBytes
                0x0800175c      0x1ac LSM9DS1_Driver.o
                0x0800175c                I2CreadBytes
 .text.magAvailable
                0x08001908       0x38 LSM9DS1_Driver.o
                0x08001908                magAvailable
 .text.readMag1
                0x08001940       0xa0 LSM9DS1_Driver.o
                0x08001940                readMag1
 .text.calibrateMag
                0x080019e0      0x1e4 LSM9DS1_Driver.o
                0x080019e0                calibrateMag
 .text.calcMag  0x08001bc4       0x54 LSM9DS1_Driver.o
                0x08001bc4                calcMag
 .text.magOffset
                0x08001c18       0x64 LSM9DS1_Driver.o
                0x08001c18                magOffset
 .text.accelAvailable
                0x08001c7c       0x24 LSM9DS1_Driver.o
                0x08001c7c                accelAvailable
 .text.gyroAvailable
                0x08001ca0       0x28 LSM9DS1_Driver.o
                0x08001ca0                gyroAvailable
 .text.tempAvailable
                0x08001cc8       0x28 LSM9DS1_Driver.o
                0x08001cc8                tempAvailable
 .text.readAccel
                0x08001cf0       0xa4 LSM9DS1_Driver.o
                0x08001cf0                readAccel
 .text.readMag  0x08001d94       0x80 LSM9DS1_Driver.o
                0x08001d94                readMag
 .text.readTemp
                0x08001e14       0x84 LSM9DS1_Driver.o
                0x08001e14                readTemp
 .text.readGyro
                0x08001e98       0xa4 LSM9DS1_Driver.o
                0x08001e98                readGyro
 .text.calcGyro
                0x08001f3c       0x54 LSM9DS1_Driver.o
                0x08001f3c                calcGyro
 .text.calcAccel
                0x08001f90       0x54 LSM9DS1_Driver.o
                0x08001f90                calcAccel
 .text.setGyroScale
                0x08001fe4       0x88 LSM9DS1_Driver.o
                0x08001fe4                setGyroScale
 .text.setAccelScale
                0x0800206c       0x9c LSM9DS1_Driver.o
                0x0800206c                setAccelScale
 .text.setMagScale
                0x08002108       0xa4 LSM9DS1_Driver.o
                0x08002108                setMagScale
 .text.setGyroODR
                0x080021ac       0x60 LSM9DS1_Driver.o
                0x080021ac                setGyroODR
 .text.setAccelODR
                0x0800220c       0x60 LSM9DS1_Driver.o
                0x0800220c                setAccelODR
 .text.setMagODR
                0x0800226c       0x5c LSM9DS1_Driver.o
                0x0800226c                setMagODR
 .text.configInt
                0x080022c8       0x6c LSM9DS1_Driver.o
                0x080022c8                configInt
 .text.configInactivity
                0x08002334       0x50 LSM9DS1_Driver.o
                0x08002334                configInactivity
 .text.getInactivity
                0x08002384       0x28 LSM9DS1_Driver.o
                0x08002384                getInactivity
 .text.configAccelInt
                0x080023ac       0x34 LSM9DS1_Driver.o
                0x080023ac                configAccelInt
 .text.configAccelThs
                0x080023e0       0x4c LSM9DS1_Driver.o
                0x080023e0                configAccelThs
 .text.getAccelIntSrc
                0x0800242c       0x34 LSM9DS1_Driver.o
                0x0800242c                getAccelIntSrc
 .text.configGyroInt
                0x08002460       0x48 LSM9DS1_Driver.o
                0x08002460                configGyroInt
 .text.configGyroThs
                0x080024a8       0x7c LSM9DS1_Driver.o
                0x080024a8                configGyroThs
 .text.getGyroIntSrc
                0x08002524       0x34 LSM9DS1_Driver.o
                0x08002524                getGyroIntSrc
 .text.configMagInt
                0x08002558       0x58 LSM9DS1_Driver.o
                0x08002558                configMagInt
 .text.configMagThs
                0x080025b0       0x38 LSM9DS1_Driver.o
                0x080025b0                configMagThs
 .text.getMagIntSrc
                0x080025e8       0x34 LSM9DS1_Driver.o
                0x080025e8                getMagIntSrc
 .text.sleepGyro
                0x0800261c       0x44 LSM9DS1_Driver.o
                0x0800261c                sleepGyro
 .text.getFIFOSamples
                0x08002660       0x18 LSM9DS1_Driver.o
                0x08002660                getFIFOSamples
 .text          0x08002678        0x0 Main.o
 .text.main     0x08002678      0x1b4 Main.o
                0x08002678                main
 .text.initLSM9DS1
                0x0800282c       0x58 Main.o
                0x0800282c                initLSM9DS1
 .text.timerHandlerReadByte1
                0x08002884      0x32c Main.o
                0x08002884                timerHandlerReadByte1
 .text.timerHandlerReadByte
                0x08002bb0      0x29c Main.o
                0x08002bb0                timerHandlerReadByte
 .text          0x08002e4c        0x0 Timer.o
 .text.makeTimer
                0x08002e4c       0x44 Timer.o
                0x08002e4c                makeTimer
 .text.removeTimer
                0x08002e90       0x44 Timer.o
                0x08002e90                removeTimer
 .text          0x08002ed4       0xe2 Startup/startup_XMC4500.o
                0x08002ed4                NMI_Handler
                0x08002ed6                HardFault_Handler
                0x08002ed8                MemManage_Handler
                0x08002eda                BusFault_Handler
                0x08002edc                UsageFault_Handler
                0x08002ede                SVC_Handler
                0x08002ee0                DebugMon_Handler
                0x08002ee2                PendSV_Handler
                0x08002ee6                SCU_0_IRQHandler
                0x08002ee8                ERU0_0_IRQHandler
                0x08002eea                ERU0_1_IRQHandler
                0x08002eec                ERU0_2_IRQHandler
                0x08002eee                ERU0_3_IRQHandler
                0x08002ef0                ERU1_0_IRQHandler
                0x08002ef2                ERU1_1_IRQHandler
                0x08002ef4                ERU1_2_IRQHandler
                0x08002ef6                ERU1_3_IRQHandler
                0x08002ef8                PMU0_0_IRQHandler
                0x08002efa                VADC0_C0_0_IRQHandler
                0x08002efc                VADC0_C0_1_IRQHandler
                0x08002efe                VADC0_C0_2_IRQHandler
                0x08002f00                VADC0_C0_3_IRQHandler
                0x08002f02                VADC0_G0_0_IRQHandler
                0x08002f04                VADC0_G0_1_IRQHandler
                0x08002f06                VADC0_G0_2_IRQHandler
                0x08002f08                VADC0_G0_3_IRQHandler
                0x08002f0a                VADC0_G1_0_IRQHandler
                0x08002f0c                VADC0_G1_1_IRQHandler
                0x08002f0e                VADC0_G1_2_IRQHandler
                0x08002f10                VADC0_G1_3_IRQHandler
                0x08002f12                VADC0_G2_0_IRQHandler
                0x08002f14                VADC0_G2_1_IRQHandler
                0x08002f16                VADC0_G2_2_IRQHandler
                0x08002f18                VADC0_G2_3_IRQHandler
                0x08002f1a                VADC0_G3_0_IRQHandler
                0x08002f1c                VADC0_G3_1_IRQHandler
                0x08002f1e                VADC0_G3_2_IRQHandler
                0x08002f20                VADC0_G3_3_IRQHandler
                0x08002f22                DSD0_0_IRQHandler
                0x08002f24                DSD0_1_IRQHandler
                0x08002f26                DSD0_2_IRQHandler
                0x08002f28                DSD0_3_IRQHandler
                0x08002f2a                DSD0_4_IRQHandler
                0x08002f2c                DSD0_5_IRQHandler
                0x08002f2e                DSD0_6_IRQHandler
                0x08002f30                DSD0_7_IRQHandler
                0x08002f32                DAC0_0_IRQHandler
                0x08002f34                DAC0_1_IRQHandler
                0x08002f36                CCU40_0_IRQHandler
                0x08002f38                CCU40_1_IRQHandler
                0x08002f3a                CCU40_2_IRQHandler
                0x08002f3c                CCU40_3_IRQHandler
                0x08002f3e                CCU41_0_IRQHandler
                0x08002f40                CCU41_1_IRQHandler
                0x08002f42                CCU41_2_IRQHandler
                0x08002f44                CCU41_3_IRQHandler
                0x08002f46                CCU42_0_IRQHandler
                0x08002f48                CCU42_1_IRQHandler
                0x08002f4a                CCU42_2_IRQHandler
                0x08002f4c                CCU42_3_IRQHandler
                0x08002f4e                CCU43_0_IRQHandler
                0x08002f50                CCU43_1_IRQHandler
                0x08002f52                CCU43_2_IRQHandler
                0x08002f54                CCU43_3_IRQHandler
                0x08002f56                CCU80_0_IRQHandler
                0x08002f58                CCU80_1_IRQHandler
                0x08002f5a                CCU80_2_IRQHandler
                0x08002f5c                CCU80_3_IRQHandler
                0x08002f5e                CCU81_0_IRQHandler
                0x08002f60                CCU81_1_IRQHandler
                0x08002f62                CCU81_2_IRQHandler
                0x08002f64                CCU81_3_IRQHandler
                0x08002f66                POSIF0_0_IRQHandler
                0x08002f68                POSIF0_1_IRQHandler
                0x08002f6a                POSIF1_0_IRQHandler
                0x08002f6c                POSIF1_1_IRQHandler
                0x08002f6e                CAN0_0_IRQHandler
                0x08002f70                CAN0_1_IRQHandler
                0x08002f72                CAN0_2_IRQHandler
                0x08002f74                CAN0_3_IRQHandler
                0x08002f76                CAN0_4_IRQHandler
                0x08002f78                CAN0_5_IRQHandler
                0x08002f7a                CAN0_6_IRQHandler
                0x08002f7c                CAN0_7_IRQHandler
                0x08002f7e                USIC0_0_IRQHandler
                0x08002f80                USIC0_1_IRQHandler
                0x08002f82                USIC0_2_IRQHandler
                0x08002f84                USIC0_3_IRQHandler
                0x08002f86                USIC0_4_IRQHandler
                0x08002f88                USIC0_5_IRQHandler
                0x08002f8a                USIC1_0_IRQHandler
                0x08002f8c                USIC1_1_IRQHandler
                0x08002f8e                USIC1_2_IRQHandler
                0x08002f90                USIC1_3_IRQHandler
                0x08002f92                USIC1_4_IRQHandler
                0x08002f94                USIC1_5_IRQHandler
                0x08002f96                USIC2_0_IRQHandler
                0x08002f98                USIC2_1_IRQHandler
                0x08002f9a                USIC2_2_IRQHandler
                0x08002f9c                USIC2_3_IRQHandler
                0x08002f9e                USIC2_4_IRQHandler
                0x08002fa0                USIC2_5_IRQHandler
                0x08002fa2                LEDTS0_0_IRQHandler
                0x08002fa4                FCE0_0_IRQHandler
                0x08002fa6                GPDMA0_0_IRQHandler
                0x08002fa8                SDMMC0_0_IRQHandler
                0x08002faa                USB0_0_IRQHandler
                0x08002fac                ETH0_0_IRQHandler
                0x08002fae                GPDMA1_0_IRQHandler
 .text          0x08002fb6        0x0 Startup/system_XMC4500.o
 *fill*         0x08002fb6        0x2 00
 .text.SystemInit
                0x08002fb8       0x9c Startup/system_XMC4500.o
                0x08002fb8                SystemInit
 .text.SystemCoreClockUpdate
                0x08003054      0x148 Startup/system_XMC4500.o
                0x08003054                SystemCoreClockUpdate
 .text.SystemClockSetup
                0x0800319c      0x4cc Startup/system_XMC4500.o
 .text          0x08003668        0x0 Lib/System_LibcStubs.o
 .text._open    0x08003668       0x1c Lib/System_LibcStubs.o
                0x08003668                _open
 .text._lseek   0x08003684       0x1c Lib/System_LibcStubs.o
                0x08003684                _lseek
 .text._read    0x080036a0       0x1c Lib/System_LibcStubs.o
                0x080036a0                _read
 .text._write   0x080036bc       0x1c Lib/System_LibcStubs.o
                0x080036bc                _write
 .text._close   0x080036d8       0x10 Lib/System_LibcStubs.o
                0x080036d8                _close
 .text._fstat   0x080036e8       0x28 Lib/System_LibcStubs.o
                0x080036e8                _fstat
 .text._link    0x08003710       0x28 Lib/System_LibcStubs.o
                0x08003710                _link
 .text._unlink  0x08003738       0x18 Lib/System_LibcStubs.o
                0x08003738                _unlink
 .text._sbrk    0x08003750       0xa0 Lib/System_LibcStubs.o
                0x08003750                _sbrk
 .text._times   0x080037f0       0x18 Lib/System_LibcStubs.o
                0x080037f0                _times
 .text._wait    0x08003808       0x18 Lib/System_LibcStubs.o
                0x08003808                _wait
 .text._kill    0x08003820       0x1c Lib/System_LibcStubs.o
                0x08003820                _kill
 .text._fork    0x0800383c       0x10 Lib/System_LibcStubs.o
                0x0800383c                _fork
 .text._getpid  0x0800384c       0x10 Lib/System_LibcStubs.o
                0x0800384c                _getpid
 .text._exit    0x0800385c        0xc Lib/System_LibcStubs.o
                0x0800385c                _exit
 .text._init    0x08003868        0xc Lib/System_LibcStubs.o
                0x08003868                _init
 .text._isatty  0x08003874       0x18 Lib/System_LibcStubs.o
                0x08003874                _isatty
 .text          0x0800388c        0x0 Dave/Generated/src/SYSTM001/SYSTM001.o
 .text.NVIC_GetPriorityGrouping
                0x0800388c       0x20 Dave/Generated/src/SYSTM001/SYSTM001.o
 .text.NVIC_SetPriority
                0x080038ac       0x5c Dave/Generated/src/SYSTM001/SYSTM001.o
 .text.NVIC_EncodePriority
                0x08003908       0x78 Dave/Generated/src/SYSTM001/SYSTM001.o
 .text.SysTick_Config
                0x08003980       0x64 Dave/Generated/src/SYSTM001/SYSTM001.o
 .text.SYSTM001_lInsertTimerList
                0x080039e4      0x214 Dave/Generated/src/SYSTM001/SYSTM001.o
 .text.SYSTM001_lRemoveTimerList
                0x08003bf8       0xd8 Dave/Generated/src/SYSTM001/SYSTM001.o
 .text.SYSTM001_lTimerHandler
                0x08003cd0       0x94 Dave/Generated/src/SYSTM001/SYSTM001.o
 .text.SysTick_Handler
                0x08003d64       0x5c Dave/Generated/src/SYSTM001/SYSTM001.o
                0x08003d64                SysTick_Handler
 .text.SYSTM001_Init
                0x08003dc0       0x64 Dave/Generated/src/SYSTM001/SYSTM001.o
                0x08003dc0                SYSTM001_Init
 .text.SYSTM001_CreateTimer
                0x08003e24      0x1a0 Dave/Generated/src/SYSTM001/SYSTM001.o
                0x08003e24                SYSTM001_CreateTimer
 .text.SYSTM001_StartTimer
                0x08003fc4       0xb4 Dave/Generated/src/SYSTM001/SYSTM001.o
                0x08003fc4                SYSTM001_StartTimer
 .text.SYSTM001_StopTimer
                0x08004078       0x90 Dave/Generated/src/SYSTM001/SYSTM001.o
                0x08004078                SYSTM001_StopTimer
 .text.SYSTM001_DeleteTimer
                0x08004108       0x9c Dave/Generated/src/SYSTM001/SYSTM001.o
                0x08004108                SYSTM001_DeleteTimer
 .text.SYSTM001_GetTime
                0x080041a4       0x18 Dave/Generated/src/SYSTM001/SYSTM001.o
                0x080041a4                SYSTM001_GetTime
 .text.SYSTM001_GetSysTickCount
                0x080041bc       0x28 Dave/Generated/src/SYSTM001/SYSTM001.o
                0x080041bc                SYSTM001_GetSysTickCount
 .text          0x080041e4        0x0 Dave/Generated/src/RESET001/RESET001.o
 .text.RESET001_AssertReset
                0x080041e4       0x54 Dave/Generated/src/RESET001/RESET001.o
                0x080041e4                RESET001_AssertReset
 .text.RESET001_DeassertReset
                0x08004238       0x54 Dave/Generated/src/RESET001/RESET001.o
                0x08004238                RESET001_DeassertReset
 .text.RESET001_GetResetInfo
                0x0800428c       0x2c Dave/Generated/src/RESET001/RESET001.o
                0x0800428c                RESET001_GetResetInfo
 .text.RESET001_GetStatus
                0x080042b8       0x7c Dave/Generated/src/RESET001/RESET001.o
                0x080042b8                RESET001_GetStatus
 .text.RESET001_ClearResetInfo
                0x08004334       0x28 Dave/Generated/src/RESET001/RESET001.o
                0x08004334                RESET001_ClearResetInfo
 .text          0x0800435c        0x0 Dave/Generated/src/NVIC002/NVIC002.o
 .text.NVIC_GetPriorityGrouping
                0x0800435c       0x20 Dave/Generated/src/NVIC002/NVIC002.o
 .text.NVIC_EnableIRQ
                0x0800437c       0x38 Dave/Generated/src/NVIC002/NVIC002.o
 .text.NVIC_SetPriority
                0x080043b4       0x5c Dave/Generated/src/NVIC002/NVIC002.o
 .text.NVIC_EncodePriority
                0x08004410       0x78 Dave/Generated/src/NVIC002/NVIC002.o
 .text.NVIC002_EnableIRQ
                0x08004488       0x20 Dave/Generated/src/NVIC002/NVIC002.o
 .text.NVIC002_Init
                0x080044a8       0x38 Dave/Generated/src/NVIC002/NVIC002.o
                0x080044a8                NVIC002_Init
 .text.NVIC002_lInit
                0x080044e0       0x4c Dave/Generated/src/NVIC002/NVIC002.o
 .text          0x0800452c        0x0 Dave/Generated/src/NVIC002/NVIC002_Conf.o
 .text          0x0800452c        0x0 Dave/Generated/src/LIBS/CCU8PWMLIB.o
 .text          0x0800452c        0x0 Dave/Generated/src/LIBS/MOTORLIB.o
 .text          0x0800452c        0x0 Dave/Generated/src/I2C001/I2C001.o
 .text.I2C001_lInit
                0x0800452c      0x1bc Dave/Generated/src/I2C001/I2C001.o
                0x0800452c                I2C001_lInit
 .text.I2C001_lConfigureBitRate
                0x080046e8      0x1a0 Dave/Generated/src/I2C001/I2C001.o
                0x080046e8                I2C001_lConfigureBitRate
 .text.I2C001_Init
                0x08004888       0xd8 Dave/Generated/src/I2C001/I2C001.o
                0x08004888                I2C001_Init
 .text.I2C001_DeInit
                0x08004960        0xc Dave/Generated/src/I2C001/I2C001.o
                0x08004960                I2C001_DeInit
 .text.I2C001_Configure
                0x0800496c      0x100 Dave/Generated/src/I2C001/I2C001.o
                0x0800496c                I2C001_Configure
 .text.I2C001_ReadData
                0x08004a6c       0x54 Dave/Generated/src/I2C001/I2C001.o
                0x08004a6c                I2C001_ReadData
 .text.I2C001_WriteData
                0x08004ac0       0x6c Dave/Generated/src/I2C001/I2C001.o
                0x08004ac0                I2C001_WriteData
 .text.I2C001_GetFlagStatus
                0x08004b2c       0xc8 Dave/Generated/src/I2C001/I2C001.o
                0x08004b2c                I2C001_GetFlagStatus
 .text.I2C001_ClearFlag
                0x08004bf4       0x84 Dave/Generated/src/I2C001/I2C001.o
                0x08004bf4                I2C001_ClearFlag
 .text          0x08004c78        0x0 Dave/Generated/src/I2C001/I2C001_Conf.o
 .text          0x08004c78        0x0 Dave/Generated/src/DAVESupport/DAVE3.o
 .text.NVIC_SetPriorityGrouping
                0x08004c78       0x50 Dave/Generated/src/DAVESupport/DAVE3.o
 .text.DAVE_Init
                0x08004cc8       0x28 Dave/Generated/src/DAVESupport/DAVE3.o
                0x08004cc8                DAVE_Init
 .text.SystemInit_DAVE3
                0x08004cf0        0xc Dave/Generated/src/DAVESupport/DAVE3.o
                0x08004cf0                SystemInit_DAVE3
 .text          0x08004cfc        0x0 Dave/Generated/src/DAVESupport/MULTIPLEXER.o
 .text.DAVE_MUX_Init
                0x08004cfc      0x13c Dave/Generated/src/DAVESupport/MULTIPLEXER.o
                0x08004cfc                DAVE_MUX_Init
 .text.DAVE_MUX_PreInit
                0x08004e38        0xc Dave/Generated/src/DAVESupport/MULTIPLEXER.o
                0x08004e38                DAVE_MUX_PreInit
 .text          0x08004e44        0x0 Dave/Generated/src/CLK001/CLK001.o
 .text.CLK001_Delay
                0x08004e44       0x34 Dave/Generated/src/CLK001/CLK001.o
 .text.CLK001_SysClk_Valid
                0x08004e78       0x38 Dave/Generated/src/CLK001/CLK001.o
 .text.CLK001_BackupClkTrim
                0x08004eb0       0x94 Dave/Generated/src/CLK001/CLK001.o
 .text.CLK001_SetMainPLLClkSrc
                0x08004f44       0xf0 Dave/Generated/src/CLK001/CLK001.o
 .text.CLK001_ConfigMainPLL
                0x08005034      0x15c Dave/Generated/src/CLK001/CLK001.o
 .text.CLK001_FreqStepupMainPLL
                0x08005190      0x164 Dave/Generated/src/CLK001/CLK001.o
 .text.CLK001_SysClk_Init
                0x080052f4       0x50 Dave/Generated/src/CLK001/CLK001.o
 .text.CLK001_Init
                0x08005344       0x30 Dave/Generated/src/CLK001/CLK001.o
                0x08005344                CLK001_Init
 .text.AllowPLLInitByStartup
                0x08005374       0x10 Dave/Generated/src/CLK001/CLK001.o
                0x08005374                AllowPLLInitByStartup
 .text          0x08005384        0x0 c:/dave-3.1.10/arm-gcc/bin/../lib/gcc/arm-none-eabi/4.7.4/../../../../arm-none-eabi/lib/armv7e-m\libm.a(lib_a-s_ceil.o)
 *fill*         0x08005384        0x4 00
 .text.ceil     0x08005388      0x120 c:/dave-3.1.10/arm-gcc/bin/../lib/gcc/arm-none-eabi/4.7.4/../../../../arm-none-eabi/lib/armv7e-m\libm.a(lib_a-s_ceil.o)
                0x08005388                ceil
 .text          0x080054a8        0x0 c:/dave-3.1.10/arm-gcc/bin/../lib/gcc/arm-none-eabi/4.7.4/../../../../arm-none-eabi/lib/armv7e-m\libm.a(lib_a-s_round.o)
 .text.round    0x080054a8       0xa0 c:/dave-3.1.10/arm-gcc/bin/../lib/gcc/arm-none-eabi/4.7.4/../../../../arm-none-eabi/lib/armv7e-m\libm.a(lib_a-s_round.o)
                0x080054a8                round
 .text          0x08005548      0x370 c:/dave-3.1.10/arm-gcc/bin/../lib/gcc/arm-none-eabi/4.7.4/armv7e-m\libgcc.a(_arm_addsubdf3.o)
                0x08005548                __aeabi_drsub
                0x08005550                __aeabi_dsub
                0x08005550                __subdf3
                0x08005554                __aeabi_dadd
                0x08005554                __adddf3
                0x080057cc                __floatunsidf
                0x080057cc                __aeabi_ui2d
                0x080057ec                __floatsidf
                0x080057ec                __aeabi_i2d
                0x08005810                __aeabi_f2d
                0x08005810                __extendsfdf2
                0x0800584c                __floatundidf
                0x0800584c                __aeabi_ul2d
                0x0800585c                __floatdidf
                0x0800585c                __aeabi_l2d
 .text          0x080058b8      0x424 c:/dave-3.1.10/arm-gcc/bin/../lib/gcc/arm-none-eabi/4.7.4/armv7e-m\libgcc.a(_arm_muldivdf3.o)
                0x080058b8                __aeabi_dmul
                0x080058b8                __muldf3
                0x08005b0c                __divdf3
                0x08005b0c                __aeabi_ddiv
 .text          0x08005cdc      0x110 c:/dave-3.1.10/arm-gcc/bin/../lib/gcc/arm-none-eabi/4.7.4/armv7e-m\libgcc.a(_arm_cmpdf2.o)
                0x08005cdc                __gtdf2
                0x08005cdc                __gedf2
                0x08005ce4                __ltdf2
                0x08005ce4                __ledf2
                0x08005cec                __nedf2
                0x08005cec                __eqdf2
                0x08005cec                __cmpdf2
                0x08005d68                __aeabi_cdrcmple
                0x08005d78                __aeabi_cdcmpeq
                0x08005d78                __aeabi_cdcmple
                0x08005d88                __aeabi_dcmpeq
                0x08005d9c                __aeabi_dcmplt
                0x08005db0                __aeabi_dcmple
                0x08005dc4                __aeabi_dcmpge
                0x08005dd8                __aeabi_dcmpgt
 .text          0x08005dec       0x50 c:/dave-3.1.10/arm-gcc/bin/../lib/gcc/arm-none-eabi/4.7.4/armv7e-m\libgcc.a(_arm_fixdfsi.o)
                0x08005dec                __aeabi_d2iz
                0x08005dec                __fixdfsi
 .text          0x08005e3c       0xa0 c:/dave-3.1.10/arm-gcc/bin/../lib/gcc/arm-none-eabi/4.7.4/armv7e-m\libgcc.a(_arm_truncdfsf2.o)
                0x08005e3c                __truncdfsf2
                0x08005e3c                __aeabi_d2f
 .text          0x08005edc        0x0 c:/dave-3.1.10/arm-gcc/bin/../lib/gcc/arm-none-eabi/4.7.4/../../../../arm-none-eabi/lib/armv7e-m\libg.a(lib_a-init.o)
 .text.__libc_init_array
                0x08005edc       0x94 c:/dave-3.1.10/arm-gcc/bin/../lib/gcc/arm-none-eabi/4.7.4/../../../../arm-none-eabi/lib/armv7e-m\libg.a(lib_a-init.o)
                0x08005edc                __libc_init_array
 *(.glue*)
 .glue_7        0x00000000        0x0 linker stubs
 .glue_7t       0x00000000        0x0 linker stubs
 *(.v4*)
 .v4_bx         0x00000000        0x0 linker stubs
 *(.vfp11_veneer)
 .vfp11_veneer  0x00000000        0x0 linker stubs
 *(.init)
                0x08005f70                __preinit_array_start = .
 *(.preinit_array)
                0x08005f70                __preinit_array_end = .
                0x08005f70                __init_array_start = .
 *(SORT(.init_array.*))
 *(.init_array)
                0x08005f70                __init_array_end = .
 *crtbegin.o(.ctors)
 *(EXCLUDE_FILE(*crtend.o) .ctors)
 *(SORT(.ctors.*))
 *crtend.o(.ctors)
 *(.fini)
                0x08005f70                __fini_array_start = .
 *(.fini_array)
 *(SORT(.fini_array.*))
                0x08005f70                __fini_array_end = .
 *crtbegin.o(.dtors)
 *(EXCLUDE_FILE(*crtend.o) .dtors)
 *(SORT(.dtors.*))
 *crtend.o(.dtors)
                0x08005f70                __extab_start = .
 *(.ARM.extab* .gnu.linkonce.armextab.*)
 .ARM.extab.Xmc4500.reset
                0x08005f70        0x0 Startup/startup_XMC4500.o
 .ARM.extab.Xmc4500.postreset
                0x08005f70        0x0 Startup/startup_XMC4500.o
                0x08005f70                . = ALIGN (0x4)
                0x08005f70                __extab_end = ABSOLUTE (.)

.iplt           0x08005f70        0x0 load address 0x0c005f70
 .iplt          0x00000000        0x0 LSM9DS1_Driver.o

.ARM.exidx      0x08005f70       0x10 load address 0x0c005f70
                0x08005f70                __exidx_start = .
 *(.ARM.exidx* .gnu.linkonce.armexidx.*)
 .ARM.exidx.Xmc4500.reset
                0x08005f70        0x8 Startup/startup_XMC4500.o
 .ARM.exidx.Xmc4500.postreset
                0x08005f78        0x8 Startup/startup_XMC4500.o
                0x08005f80                . = ALIGN (0x4)
                0x08005f80                __exidx_end = ABSOLUTE (.)

.rodata         0x08005f80       0x1c load address 0x0c005f80
 *(.rodata .rodata.*)
 .rodata        0x08005f80        0x4 Dave/Generated/src/NVIC002/NVIC002_Conf.o
                0x08005f80                NVIC002_Handle0
 .rodata        0x08005f84       0x18 Dave/Generated/src/I2C001/I2C001_Conf.o
                0x08005f84                I2C001_Handle0
 *(.gnu.linkonce.r*)

.rel.dyn        0x08005f9c        0x0 load address 0x0c005f9c
 .rel.iplt      0x00000000        0x0 LSM9DS1_Driver.o
                0x08005fa0                . = ALIGN (0x10)
                0x0c005fa0                eROData = (. | 0x4000000)

Stack           0x10000000      0x800
                0x10000800                . = (. + stack_size)
 *fill*         0x10000000      0x800 00
                0x10000800                __Xmc4500_stack = .

.data3          0x10000800        0x0
                0x10000800                __data3_start = .
 *(.data3)
                0x10000800                __data3_end = .
                0x00000000                __data3_size = (__data3_end - __data3_start)

.data           0x20000000       0x1c load address 0x0c005fa0
                0x20000000                __Xmc4500_sData = .
 *(.data)
 .data          0x20000000       0x10 LSM9DS1_Driver.o
                0x20000000                magSensitivity
 .data          0x20000010        0x1 Main.o
                0x20000010                readingAllowed
 .data          0x20000011        0x0 Timer.o
 .data          0x20000011        0x0 Startup/startup_XMC4500.o
 *fill*         0x20000011        0x3 00
 .data          0x20000014        0x4 Startup/system_XMC4500.o
                0x20000014                SystemCoreClock
 .data          0x20000018        0x0 Lib/System_LibcStubs.o
 .data          0x20000018        0x0 Dave/Generated/src/SYSTM001/SYSTM001.o
 .data          0x20000018        0x0 Dave/Generated/src/RESET001/RESET001.o
 .data          0x20000018        0x0 Dave/Generated/src/NVIC002/NVIC002.o
 .data          0x20000018        0x4 Dave/Generated/src/NVIC002/NVIC002_Conf.o
                0x20000018                NVIC002_HandleArray
 .data          0x2000001c        0x0 Dave/Generated/src/LIBS/CCU8PWMLIB.o
 .data          0x2000001c        0x0 Dave/Generated/src/LIBS/MOTORLIB.o
 .data          0x2000001c        0x0 Dave/Generated/src/I2C001/I2C001.o
 .data          0x2000001c        0x0 Dave/Generated/src/I2C001/I2C001_Conf.o
 .data          0x2000001c        0x0 Dave/Generated/src/DAVESupport/DAVE3.o
 .data          0x2000001c        0x0 Dave/Generated/src/DAVESupport/MULTIPLEXER.o
 .data          0x2000001c        0x0 Dave/Generated/src/CLK001/CLK001.o
 .data          0x2000001c        0x0 c:/dave-3.1.10/arm-gcc/bin/../lib/gcc/arm-none-eabi/4.7.4/../../../../arm-none-eabi/lib/armv7e-m\libm.a(lib_a-s_ceil.o)
 .data          0x2000001c        0x0 c:/dave-3.1.10/arm-gcc/bin/../lib/gcc/arm-none-eabi/4.7.4/../../../../arm-none-eabi/lib/armv7e-m\libm.a(lib_a-s_round.o)
 .data          0x2000001c        0x0 c:/dave-3.1.10/arm-gcc/bin/../lib/gcc/arm-none-eabi/4.7.4/armv7e-m\libgcc.a(_arm_addsubdf3.o)
 .data          0x2000001c        0x0 c:/dave-3.1.10/arm-gcc/bin/../lib/gcc/arm-none-eabi/4.7.4/armv7e-m\libgcc.a(_arm_muldivdf3.o)
 .data          0x2000001c        0x0 c:/dave-3.1.10/arm-gcc/bin/../lib/gcc/arm-none-eabi/4.7.4/armv7e-m\libgcc.a(_arm_cmpdf2.o)
 .data          0x2000001c        0x0 c:/dave-3.1.10/arm-gcc/bin/../lib/gcc/arm-none-eabi/4.7.4/armv7e-m\libgcc.a(_arm_fixdfsi.o)
 .data          0x2000001c        0x0 c:/dave-3.1.10/arm-gcc/bin/../lib/gcc/arm-none-eabi/4.7.4/armv7e-m\libgcc.a(_arm_truncdfsf2.o)
 .data          0x2000001c        0x0 c:/dave-3.1.10/arm-gcc/bin/../lib/gcc/arm-none-eabi/4.7.4/../../../../arm-none-eabi/lib/armv7e-m\libg.a(lib_a-init.o)
 *(.data*)
 *(*.data)
 *(.gnu.linkonce.d*)
                0x2000001c                __Xmc4500_eData = ALIGN (0x4)
                0x0000001c                __Xmc4500_Data_Size = (__Xmc4500_eData - __Xmc4500_sData)

.igot.plt       0x2000001c        0x0 load address 0x0c005fbc
 .igot.plt      0x00000000        0x0 LSM9DS1_Driver.o

.ram_code       0x10000800        0x0 load address 0x0c005fbc
                0x10000800                __ram_code_start = .
 *(.ram_code)
                0x10000800                __ram_code_end = .
                0x0c005fbc                __ram_code_load = LOADADDR (.ram_code)
                0x00000000                __ram_code_size = (__ram_code_end - __ram_code_start)

.bss            0x2000001c      0x554 load address 0x0c005fbc
                0x2000001c                __Xmc4500_sBSS = .
 *(.bss)
 .bss           0x2000001c        0x0 LSM9DS1_Driver.o
 .bss           0x2000001c       0x10 Main.o
 .bss           0x2000002c        0x0 Timer.o
 .bss           0x2000002c        0x0 Startup/startup_XMC4500.o
 .bss           0x2000002c        0x0 Startup/system_XMC4500.o
 .bss           0x2000002c        0xc Lib/System_LibcStubs.o
                0x2000002c                __dso_handle
 .bss           0x20000038        0xc Dave/Generated/src/SYSTM001/SYSTM001.o
                0x20000038                TimerList
                0x2000003c                TimerTracker
                0x20000040                SysTickCount
 .bss           0x20000044        0x0 Dave/Generated/src/RESET001/RESET001.o
 .bss           0x20000044        0x0 Dave/Generated/src/NVIC002/NVIC002.o
 .bss           0x20000044        0x0 Dave/Generated/src/NVIC002/NVIC002_Conf.o
 .bss           0x20000044        0x0 Dave/Generated/src/LIBS/CCU8PWMLIB.o
 .bss           0x20000044        0x0 Dave/Generated/src/LIBS/MOTORLIB.o
 .bss           0x20000044        0x0 Dave/Generated/src/I2C001/I2C001.o
 .bss           0x20000044        0x0 Dave/Generated/src/I2C001/I2C001_Conf.o
 .bss           0x20000044        0x0 Dave/Generated/src/DAVESupport/DAVE3.o
 .bss           0x20000044        0x0 Dave/Generated/src/DAVESupport/MULTIPLEXER.o
 .bss           0x20000044        0x8 Dave/Generated/src/CLK001/CLK001.o
 .bss           0x2000004c        0x0 c:/dave-3.1.10/arm-gcc/bin/../lib/gcc/arm-none-eabi/4.7.4/../../../../arm-none-eabi/lib/armv7e-m\libm.a(lib_a-s_ceil.o)
 .bss           0x2000004c        0x0 c:/dave-3.1.10/arm-gcc/bin/../lib/gcc/arm-none-eabi/4.7.4/../../../../arm-none-eabi/lib/armv7e-m\libm.a(lib_a-s_round.o)
 .bss           0x2000004c        0x0 c:/dave-3.1.10/arm-gcc/bin/../lib/gcc/arm-none-eabi/4.7.4/armv7e-m\libgcc.a(_arm_addsubdf3.o)
 .bss           0x2000004c        0x0 c:/dave-3.1.10/arm-gcc/bin/../lib/gcc/arm-none-eabi/4.7.4/armv7e-m\libgcc.a(_arm_muldivdf3.o)
 .bss           0x2000004c        0x0 c:/dave-3.1.10/arm-gcc/bin/../lib/gcc/arm-none-eabi/4.7.4/armv7e-m\libgcc.a(_arm_cmpdf2.o)
 .bss           0x2000004c        0x0 c:/dave-3.1.10/arm-gcc/bin/../lib/gcc/arm-none-eabi/4.7.4/armv7e-m\libgcc.a(_arm_fixdfsi.o)
 .bss           0x2000004c        0x0 c:/dave-3.1.10/arm-gcc/bin/../lib/gcc/arm-none-eabi/4.7.4/armv7e-m\libgcc.a(_arm_truncdfsf2.o)
 .bss           0x2000004c        0x0 c:/dave-3.1.10/arm-gcc/bin/../lib/gcc/arm-none-eabi/4.7.4/../../../../arm-none-eabi/lib/armv7e-m\libg.a(lib_a-init.o)
 *(.bss*)
 *(COMMON)
 COMMON         0x2000004c       0xac LSM9DS1_Driver.o
                0x2000004c                aBias
                0x20000058                mBiasRaw
                0x20000060                StatusReadBytes
                0x20000064                settings
                0x2000008c                _autoCalc
                0x20000090                Status
                0x20000094                gy
                0x20000096                az
                0x20000098                temperature
                0x2000009c                WriteTimerId
                0x200000a0                my
                0x200000a2                ax
                0x200000a4                aRes
                0x200000a8                _mAddress
                0x200000a9                _xgAddress
                0x200000ac                TimerIdReadBytes
                0x200000b0                gBiasRaw
                0x200000b8                aBiasRaw
                0x200000c0                WriteTimerStatus
                0x200000c4                gz
                0x200000c8                gRes
                0x200000cc                mz
                0x200000d0                gBias
                0x200000dc                mRes
                0x200000e0                gx
                0x200000e2                ay
                0x200000e4                mx
                0x200000e8                TimerId
                0x200000ec                mBias
 COMMON         0x200000f8       0x78 Main.o
                0x200000f8                pomiary
 COMMON         0x20000170      0x400 Dave/Generated/src/SYSTM001/SYSTM001.o
                0x20000170                TimerTbl
 *(.gnu.linkonce.b*)
                0x20000570                __Xmc4500_eBSS = ALIGN (0x4)
                0x20000570                . = ALIGN (0x4)
                0x20000570                Heap_Bank1_Start = .
                0x00000554                __Xmc4500_BSS_Size = (__Xmc4500_eBSS - __Xmc4500_sBSS)

.data2          0x30000000        0x0
                0x30000000                __data2_start = .
 *(ETH_RAM)
                0x30000000                __data2_end = .
                0x00000000                __data2_size = (__data2_end - __data2_start)
                0x0000fa90                Heap_Bank1_Size = (0x10000 - (Heap_Bank1_Start - ORIGIN (DSRAM_1_system)))

DSRAM2_Heap     0x30000000        0x0
                0x30000000                Heap_Bank2_Start = .
                0x00008000                Heap_Bank2_Size = (0x8000 - (Heap_Bank2_Start - ORIGIN (DSRAM_2_comm)))

PSRAM_Heap      0x10000800        0x0
                0x10000800                Heap_Bank3_Start = .
                0x0000f800                Heap_Bank3_Size = (0x10000 - (Heap_Bank3_Start - ORIGIN (PSRAM_1)))

/DISCARD/
 *(.comment)

.stab
 *(.stab)

.stabstr
 *(.stabstr)

.debug
 *(.debug)

.line
 *(.line)

.debug_srcinfo
 *(.debug_srcinfo)

.debug_sfnames
 *(.debug_sfnames)

.debug_aranges  0x00000000      0x600
 *(.debug_aranges)
 .debug_aranges
                0x00000000      0x200 LSM9DS1_Driver.o
 .debug_aranges
                0x00000200       0x38 Main.o
 .debug_aranges
                0x00000238       0x28 Timer.o
 .debug_aranges
                0x00000260       0x38 Startup/startup_XMC4500.o
 .debug_aranges
                0x00000298       0x30 Startup/system_XMC4500.o
 .debug_aranges
                0x000002c8       0xa0 Lib/System_LibcStubs.o
 .debug_aranges
                0x00000368       0x90 Dave/Generated/src/SYSTM001/SYSTM001.o
 .debug_aranges
                0x000003f8       0x40 Dave/Generated/src/RESET001/RESET001.o
 .debug_aranges
                0x00000438       0x50 Dave/Generated/src/NVIC002/NVIC002.o
 .debug_aranges
                0x00000488       0x18 Dave/Generated/src/NVIC002/NVIC002_Conf.o
 .debug_aranges
                0x000004a0       0x18 Dave/Generated/src/LIBS/CCU8PWMLIB.o
 .debug_aranges
                0x000004b8       0x18 Dave/Generated/src/LIBS/MOTORLIB.o
 .debug_aranges
                0x000004d0       0x60 Dave/Generated/src/I2C001/I2C001.o
 .debug_aranges
                0x00000530       0x18 Dave/Generated/src/I2C001/I2C001_Conf.o
 .debug_aranges
                0x00000548       0x30 Dave/Generated/src/DAVESupport/DAVE3.o
 .debug_aranges
                0x00000578       0x28 Dave/Generated/src/DAVESupport/MULTIPLEXER.o
 .debug_aranges
                0x000005a0       0x60 Dave/Generated/src/CLK001/CLK001.o

.debug_pubnames
 *(.debug_pubnames)

.debug_pubtypes
 *(.debug_pubtypes)

.debug_info     0x00000000     0x7b29
 *(.debug_info .gnu.linkonce.wi.*)
 .debug_info    0x00000000     0x1c99 LSM9DS1_Driver.o
 .debug_info    0x00001c99      0xf74 Main.o
 .debug_info    0x00002c0d      0x1ab Timer.o
 .debug_info    0x00002db8       0x77 Startup/startup_XMC4500.o
 .debug_info    0x00002e2f      0xaf0 Startup/system_XMC4500.o
 .debug_info    0x0000391f      0x65f Lib/System_LibcStubs.o
 .debug_info    0x00003f7e      0xc2e Dave/Generated/src/SYSTM001/SYSTM001.o
 .debug_info    0x00004bac      0x47c Dave/Generated/src/RESET001/RESET001.o
 .debug_info    0x00005028      0x884 Dave/Generated/src/NVIC002/NVIC002.o
 .debug_info    0x000058ac      0x127 Dave/Generated/src/NVIC002/NVIC002_Conf.o
 .debug_info    0x000059d3       0x94 Dave/Generated/src/LIBS/CCU8PWMLIB.o
 .debug_info    0x00005a67       0x94 Dave/Generated/src/LIBS/MOTORLIB.o
 .debug_info    0x00005afb      0xbd1 Dave/Generated/src/I2C001/I2C001.o
 .debug_info    0x000066cc      0x54a Dave/Generated/src/I2C001/I2C001_Conf.o
 .debug_info    0x00006c16      0x2e9 Dave/Generated/src/DAVESupport/DAVE3.o
 .debug_info    0x00006eff      0x5a1 Dave/Generated/src/DAVESupport/MULTIPLEXER.o
 .debug_info    0x000074a0      0x689 Dave/Generated/src/CLK001/CLK001.o

.debug_abbrev   0x00000000     0x1607
 *(.debug_abbrev)
 .debug_abbrev  0x00000000      0x2f7 LSM9DS1_Driver.o
 .debug_abbrev  0x000002f7      0x26d Main.o
 .debug_abbrev  0x00000564       0xb5 Timer.o
 .debug_abbrev  0x00000619       0x12 Startup/startup_XMC4500.o
 .debug_abbrev  0x0000062b      0x154 Startup/system_XMC4500.o
 .debug_abbrev  0x0000077f      0x149 Lib/System_LibcStubs.o
 .debug_abbrev  0x000008c8      0x26b Dave/Generated/src/SYSTM001/SYSTM001.o
 .debug_abbrev  0x00000b33      0x122 Dave/Generated/src/RESET001/RESET001.o
 .debug_abbrev  0x00000c55      0x1c1 Dave/Generated/src/NVIC002/NVIC002.o
 .debug_abbrev  0x00000e16       0x9f Dave/Generated/src/NVIC002/NVIC002_Conf.o
 .debug_abbrev  0x00000eb5       0x4e Dave/Generated/src/LIBS/CCU8PWMLIB.o
 .debug_abbrev  0x00000f03       0x4e Dave/Generated/src/LIBS/MOTORLIB.o
 .debug_abbrev  0x00000f51      0x20a Dave/Generated/src/I2C001/I2C001.o
 .debug_abbrev  0x0000115b      0x110 Dave/Generated/src/I2C001/I2C001_Conf.o
 .debug_abbrev  0x0000126b       0xf3 Dave/Generated/src/DAVESupport/DAVE3.o
 .debug_abbrev  0x0000135e      0x123 Dave/Generated/src/DAVESupport/MULTIPLEXER.o
 .debug_abbrev  0x00001481      0x186 Dave/Generated/src/CLK001/CLK001.o

.debug_line     0x00000000     0x76d2
 *(.debug_line)
 .debug_line    0x00000000     0x113f LSM9DS1_Driver.o
 .debug_line    0x0000113f      0x98f Main.o
 .debug_line    0x00001ace      0x80e Timer.o
 .debug_line    0x000022dc      0x130 Startup/startup_XMC4500.o
 .debug_line    0x0000240c      0x3b7 Startup/system_XMC4500.o
 .debug_line    0x000027c3      0x3c1 Lib/System_LibcStubs.o
 .debug_line    0x00002b84      0xa05 Dave/Generated/src/SYSTM001/SYSTM001.o
 .debug_line    0x00003589      0x41e Dave/Generated/src/RESET001/RESET001.o
 .debug_line    0x000039a7      0x433 Dave/Generated/src/NVIC002/NVIC002.o
 .debug_line    0x00003dda      0x373 Dave/Generated/src/NVIC002/NVIC002_Conf.o
 .debug_line    0x0000414d      0x82f Dave/Generated/src/LIBS/CCU8PWMLIB.o
 .debug_line    0x0000497c      0x82b Dave/Generated/src/LIBS/MOTORLIB.o
 .debug_line    0x000051a7      0x930 Dave/Generated/src/I2C001/I2C001.o
 .debug_line    0x00005ad7      0x7f8 Dave/Generated/src/I2C001/I2C001_Conf.o
 .debug_line    0x000062cf      0x7b1 Dave/Generated/src/DAVESupport/DAVE3.o
 .debug_line    0x00006a80      0x7a3 Dave/Generated/src/DAVESupport/MULTIPLEXER.o
 .debug_line    0x00007223      0x4af Dave/Generated/src/CLK001/CLK001.o

.debug_frame    0x00000000     0x11a0
 *(.debug_frame)
 .debug_frame   0x00000000      0x7a0 LSM9DS1_Driver.o
 .debug_frame   0x000007a0       0x90 Main.o
 .debug_frame   0x00000830       0x50 Timer.o
 .debug_frame   0x00000880       0x6c Startup/system_XMC4500.o
 .debug_frame   0x000008ec      0x1ec Lib/System_LibcStubs.o
 .debug_frame   0x00000ad8      0x1d0 Dave/Generated/src/SYSTM001/SYSTM001.o
 .debug_frame   0x00000ca8       0x9c Dave/Generated/src/RESET001/RESET001.o
 .debug_frame   0x00000d44       0xe4 Dave/Generated/src/NVIC002/NVIC002.o
 .debug_frame   0x00000e28      0x114 Dave/Generated/src/I2C001/I2C001.o
 .debug_frame   0x00000f3c       0x64 Dave/Generated/src/DAVESupport/DAVE3.o
 .debug_frame   0x00000fa0       0x48 Dave/Generated/src/DAVESupport/MULTIPLEXER.o
 .debug_frame   0x00000fe8      0x120 Dave/Generated/src/CLK001/CLK001.o
 .debug_frame   0x00001108       0x38 c:/dave-3.1.10/arm-gcc/bin/../lib/gcc/arm-none-eabi/4.7.4/../../../../arm-none-eabi/lib/armv7e-m\libm.a(lib_a-s_ceil.o)
 .debug_frame   0x00001140       0x30 c:/dave-3.1.10/arm-gcc/bin/../lib/gcc/arm-none-eabi/4.7.4/../../../../arm-none-eabi/lib/armv7e-m\libm.a(lib_a-s_round.o)
 .debug_frame   0x00001170       0x30 c:/dave-3.1.10/arm-gcc/bin/../lib/gcc/arm-none-eabi/4.7.4/../../../../arm-none-eabi/lib/armv7e-m\libg.a(lib_a-init.o)

.debug_str      0x00000000    0x9a542
 *(.debug_str)
 .debug_str     0x00000000    0x97125 LSM9DS1_Driver.o
                              0x9767e (size before relaxing)
 .debug_str     0x00097125      0x1bc Main.o
                              0x95a57 (size before relaxing)
 .debug_str     0x000972e1       0x68 Timer.o
                              0x92dac (size before relaxing)
 .debug_str     0x00097349      0x646 Startup/system_XMC4500.o
                              0x90474 (size before relaxing)
 .debug_str     0x0009798f     0x14fe Lib/System_LibcStubs.o
                               0x5894 (size before relaxing)
 .debug_str     0x00098e8d      0xc0c Dave/Generated/src/SYSTM001/SYSTM001.o
                              0x93ac6 (size before relaxing)
 .debug_str     0x00099a99      0x349 Dave/Generated/src/RESET001/RESET001.o
                              0x907d3 (size before relaxing)
 .debug_str     0x00099de2       0xa2 Dave/Generated/src/NVIC002/NVIC002.o
                              0x90900 (size before relaxing)
 .debug_str     0x00099e84       0x3d Dave/Generated/src/NVIC002/NVIC002_Conf.o
                              0x90175 (size before relaxing)
 .debug_str     0x00099ec1       0x28 Dave/Generated/src/LIBS/CCU8PWMLIB.o
                              0x92d08 (size before relaxing)
 .debug_str     0x00099ee9       0x26 Dave/Generated/src/LIBS/MOTORLIB.o
                              0x92d06 (size before relaxing)
 .debug_str     0x00099f0f      0x39f Dave/Generated/src/I2C001/I2C001.o
                              0x934a1 (size before relaxing)
 .debug_str     0x0009a2ae       0x2b Dave/Generated/src/I2C001/I2C001_Conf.o
                              0x92f7a (size before relaxing)
 .debug_str     0x0009a2d9       0x68 Dave/Generated/src/DAVESupport/DAVE3.o
                              0x92dd6 (size before relaxing)
 .debug_str     0x0009a341       0x5b Dave/Generated/src/DAVESupport/MULTIPLEXER.o
                              0x92ebe (size before relaxing)
 .debug_str     0x0009a39c      0x1a6 Dave/Generated/src/CLK001/CLK001.o
                              0x90a5c (size before relaxing)

.debug_loc      0x00000000     0x1cfe
 *(.debug_loc)
 .debug_loc     0x00000000      0xd06 LSM9DS1_Driver.o
 .debug_loc     0x00000d06       0xe0 Main.o
 .debug_loc     0x00000de6       0x70 Timer.o
 .debug_loc     0x00000e56       0xa8 Startup/system_XMC4500.o
 .debug_loc     0x00000efe      0x388 Lib/System_LibcStubs.o
 .debug_loc     0x00001286      0x330 Dave/Generated/src/SYSTM001/SYSTM001.o
 .debug_loc     0x000015b6      0x118 Dave/Generated/src/RESET001/RESET001.o
 .debug_loc     0x000016ce      0x17c Dave/Generated/src/NVIC002/NVIC002.o
 .debug_loc     0x0000184a      0x1e0 Dave/Generated/src/I2C001/I2C001.o
 .debug_loc     0x00001a2a       0x90 Dave/Generated/src/DAVESupport/DAVE3.o
 .debug_loc     0x00001aba       0x64 Dave/Generated/src/DAVESupport/MULTIPLEXER.o
 .debug_loc     0x00001b1e      0x1e0 Dave/Generated/src/CLK001/CLK001.o

.debug_macinfo
 *(.debug_macinfo)

.debug_ranges   0x00000000      0x4d8
 *(.debug_ranges)
 .debug_ranges  0x00000000      0x1f0 LSM9DS1_Driver.o
 .debug_ranges  0x000001f0       0x28 Main.o
 .debug_ranges  0x00000218       0x18 Timer.o
 .debug_ranges  0x00000230       0x30 Startup/startup_XMC4500.o
 .debug_ranges  0x00000260       0x20 Startup/system_XMC4500.o
 .debug_ranges  0x00000280       0x90 Lib/System_LibcStubs.o
 .debug_ranges  0x00000310       0x80 Dave/Generated/src/SYSTM001/SYSTM001.o
 .debug_ranges  0x00000390       0x30 Dave/Generated/src/RESET001/RESET001.o
 .debug_ranges  0x000003c0       0x40 Dave/Generated/src/NVIC002/NVIC002.o
 .debug_ranges  0x00000400       0x50 Dave/Generated/src/I2C001/I2C001.o
 .debug_ranges  0x00000450       0x20 Dave/Generated/src/DAVESupport/DAVE3.o
 .debug_ranges  0x00000470       0x18 Dave/Generated/src/DAVESupport/MULTIPLEXER.o
 .debug_ranges  0x00000488       0x50 Dave/Generated/src/CLK001/CLK001.o

.debug_weaknames
 *(.debug_weaknames)

.debug_funcnames
 *(.debug_funcnames)

.debug_typenames
 *(.debug_typenames)

.debug_varnames
 *(.debug_varnames)

.build_attributes
                0x00000000      0x4d7
 *(.ARM.attributes)
 .ARM.attributes
                0x00000000       0x39 LSM9DS1_Driver.o
 .ARM.attributes
                0x00000039       0x39 Main.o
 .ARM.attributes
                0x00000072       0x39 Timer.o
 .ARM.attributes
                0x000000ab       0x27 Startup/startup_XMC4500.o
 .ARM.attributes
                0x000000d2       0x39 Startup/system_XMC4500.o
 .ARM.attributes
                0x0000010b       0x39 Lib/System_LibcStubs.o
 .ARM.attributes
                0x00000144       0x39 Dave/Generated/src/SYSTM001/SYSTM001.o
 .ARM.attributes
                0x0000017d       0x39 Dave/Generated/src/RESET001/RESET001.o
 .ARM.attributes
                0x000001b6       0x39 Dave/Generated/src/NVIC002/NVIC002.o
 .ARM.attributes
                0x000001ef       0x39 Dave/Generated/src/NVIC002/NVIC002_Conf.o
 .ARM.attributes
                0x00000228       0x39 Dave/Generated/src/LIBS/CCU8PWMLIB.o
 .ARM.attributes
                0x00000261       0x39 Dave/Generated/src/LIBS/MOTORLIB.o
 .ARM.attributes
                0x0000029a       0x39 Dave/Generated/src/I2C001/I2C001.o
 .ARM.attributes
                0x000002d3       0x39 Dave/Generated/src/I2C001/I2C001_Conf.o
 .ARM.attributes
                0x0000030c       0x39 Dave/Generated/src/DAVESupport/DAVE3.o
 .ARM.attributes
                0x00000345       0x39 Dave/Generated/src/DAVESupport/MULTIPLEXER.o
 .ARM.attributes
                0x0000037e       0x39 Dave/Generated/src/CLK001/CLK001.o
 .ARM.attributes
                0x000003b7       0x2e c:/dave-3.1.10/arm-gcc/bin/../lib/gcc/arm-none-eabi/4.7.4/../../../../arm-none-eabi/lib/armv7e-m\libm.a(lib_a-s_ceil.o)
 .ARM.attributes
                0x000003e5       0x2e c:/dave-3.1.10/arm-gcc/bin/../lib/gcc/arm-none-eabi/4.7.4/../../../../arm-none-eabi/lib/armv7e-m\libm.a(lib_a-s_round.o)
 .ARM.attributes
                0x00000413       0x1e c:/dave-3.1.10/arm-gcc/bin/../lib/gcc/arm-none-eabi/4.7.4/armv7e-m\libgcc.a(_arm_addsubdf3.o)
 .ARM.attributes
                0x00000431       0x1e c:/dave-3.1.10/arm-gcc/bin/../lib/gcc/arm-none-eabi/4.7.4/armv7e-m\libgcc.a(_arm_muldivdf3.o)
 .ARM.attributes
                0x0000044f       0x1e c:/dave-3.1.10/arm-gcc/bin/../lib/gcc/arm-none-eabi/4.7.4/armv7e-m\libgcc.a(_arm_cmpdf2.o)
 .ARM.attributes
                0x0000046d       0x1e c:/dave-3.1.10/arm-gcc/bin/../lib/gcc/arm-none-eabi/4.7.4/armv7e-m\libgcc.a(_arm_fixdfsi.o)
 .ARM.attributes
                0x0000048b       0x1e c:/dave-3.1.10/arm-gcc/bin/../lib/gcc/arm-none-eabi/4.7.4/armv7e-m\libgcc.a(_arm_truncdfsf2.o)
 .ARM.attributes
                0x000004a9       0x2e c:/dave-3.1.10/arm-gcc/bin/../lib/gcc/arm-none-eabi/4.7.4/../../../../arm-none-eabi/lib/armv7e-m\libg.a(lib_a-init.o)
OUTPUT(BachelorLSM9DS1.elf elf32-littlearm)

.debug_macro    0x00000000    0x1a581
 .debug_macro   0x00000000      0x2a2 LSM9DS1_Driver.o
 .debug_macro   0x000002a2      0x814 LSM9DS1_Driver.o
 .debug_macro   0x00000ab6       0x16 LSM9DS1_Driver.o
 .debug_macro   0x00000acc      0x1cc LSM9DS1_Driver.o
 .debug_macro   0x00000c98       0x3a LSM9DS1_Driver.o
 .debug_macro   0x00000cd2       0x10 LSM9DS1_Driver.o
 .debug_macro   0x00000ce2       0x2e LSM9DS1_Driver.o
 .debug_macro   0x00000d10       0xa3 LSM9DS1_Driver.o
 .debug_macro   0x00000db3      0x20e LSM9DS1_Driver.o
 .debug_macro   0x00000fc1       0x2d LSM9DS1_Driver.o
 .debug_macro   0x00000fee       0x3b LSM9DS1_Driver.o
 .debug_macro   0x00001029       0x2d LSM9DS1_Driver.o
 .debug_macro   0x00001056       0x42 LSM9DS1_Driver.o
 .debug_macro   0x00001098      0xd39 LSM9DS1_Driver.o
 .debug_macro   0x00001dd1       0x70 LSM9DS1_Driver.o
 .debug_macro   0x00001e41    0x150f5 LSM9DS1_Driver.o
 .debug_macro   0x00016f36      0x16c LSM9DS1_Driver.o
 .debug_macro   0x000170a2       0x22 LSM9DS1_Driver.o
 .debug_macro   0x000170c4      0x54a LSM9DS1_Driver.o
 .debug_macro   0x0001760e       0x64 LSM9DS1_Driver.o
 .debug_macro   0x00017672       0x46 LSM9DS1_Driver.o
 .debug_macro   0x000176b8      0x160 LSM9DS1_Driver.o
 .debug_macro   0x00017818      0x130 LSM9DS1_Driver.o
 .debug_macro   0x00017948       0x7f LSM9DS1_Driver.o
 .debug_macro   0x000179c7       0xb4 LSM9DS1_Driver.o
 .debug_macro   0x00017a7b       0x28 LSM9DS1_Driver.o
 .debug_macro   0x00017aa3       0xb5 LSM9DS1_Driver.o
 .debug_macro   0x00017b58       0x49 LSM9DS1_Driver.o
 .debug_macro   0x00017ba1       0x16 LSM9DS1_Driver.o
 .debug_macro   0x00017bb7       0x1c LSM9DS1_Driver.o
 .debug_macro   0x00017bd3       0x10 LSM9DS1_Driver.o
 .debug_macro   0x00017be3       0x35 LSM9DS1_Driver.o
 .debug_macro   0x00017c18       0x10 LSM9DS1_Driver.o
 .debug_macro   0x00017c28       0x3a LSM9DS1_Driver.o
 .debug_macro   0x00017c62       0x52 LSM9DS1_Driver.o
 .debug_macro   0x00017cb4       0x43 LSM9DS1_Driver.o
 .debug_macro   0x00017cf7      0x16d LSM9DS1_Driver.o
 .debug_macro   0x00017e64       0x10 LSM9DS1_Driver.o
 .debug_macro   0x00017e74       0x22 LSM9DS1_Driver.o
 .debug_macro   0x00017e96       0x91 LSM9DS1_Driver.o
 .debug_macro   0x00017f27       0x16 LSM9DS1_Driver.o
 .debug_macro   0x00017f3d      0x16d LSM9DS1_Driver.o
 .debug_macro   0x000180aa       0x10 LSM9DS1_Driver.o
 .debug_macro   0x000180ba      0x447 LSM9DS1_Driver.o
 .debug_macro   0x00018501      0x1da LSM9DS1_Driver.o
 .debug_macro   0x000186db       0x10 LSM9DS1_Driver.o
 .debug_macro   0x000186eb       0x16 LSM9DS1_Driver.o
 .debug_macro   0x00018701       0x23 LSM9DS1_Driver.o
 .debug_macro   0x00018724      0x26d Main.o
 .debug_macro   0x00018991      0x19b Timer.o
 .debug_macro   0x00018b2c      0x17e Startup/system_XMC4500.o
 .debug_macro   0x00018caa       0x6a Startup/system_XMC4500.o
 .debug_macro   0x00018d14      0x119 Lib/System_LibcStubs.o
 .debug_macro   0x00018e2d       0x19 Lib/System_LibcStubs.o
 .debug_macro   0x00018e46       0x10 Lib/System_LibcStubs.o
 .debug_macro   0x00018e56       0x16 Lib/System_LibcStubs.o
 .debug_macro   0x00018e6c       0x89 Lib/System_LibcStubs.o
 .debug_macro   0x00018ef5       0xf5 Lib/System_LibcStubs.o
 .debug_macro   0x00018fea       0x34 Lib/System_LibcStubs.o
 .debug_macro   0x0001901e      0x120 Lib/System_LibcStubs.o
 .debug_macro   0x0001913e       0x16 Lib/System_LibcStubs.o
 .debug_macro   0x00019154      0x495 Lib/System_LibcStubs.o
 .debug_macro   0x000195e9      0x24d Dave/Generated/src/SYSTM001/SYSTM001.o
 .debug_macro   0x00019836       0xff Dave/Generated/src/RESET001/RESET001.o
 .debug_macro   0x00019935       0xd2 Dave/Generated/src/NVIC002/NVIC002.o
 .debug_macro   0x00019a07       0xd2 Dave/Generated/src/NVIC002/NVIC002_Conf.o
 .debug_macro   0x00019ad9      0x195 Dave/Generated/src/LIBS/CCU8PWMLIB.o
 .debug_macro   0x00019c6e      0x195 Dave/Generated/src/LIBS/MOTORLIB.o
 .debug_macro   0x00019e03      0x1dd Dave/Generated/src/I2C001/I2C001.o
 .debug_macro   0x00019fe0      0x191 Dave/Generated/src/I2C001/I2C001_Conf.o
 .debug_macro   0x0001a171      0x191 Dave/Generated/src/DAVESupport/DAVE3.o
 .debug_macro   0x0001a302      0x191 Dave/Generated/src/DAVESupport/MULTIPLEXER.o
 .debug_macro   0x0001a493       0xee Dave/Generated/src/CLK001/CLK001.o
