Archive member included because of file (symbol)

c:/dave-3.1.10/arm-gcc/bin/../lib/gcc/arm-none-eabi/4.7.4/../../../../arm-none-eabi/lib/armv7e-m\libm.a(lib_a-s_ceil.o)
                              LSM9DS1_Driver.o (ceil)
c:/dave-3.1.10/arm-gcc/bin/../lib/gcc/arm-none-eabi/4.7.4/../../../../arm-none-eabi/lib/armv7e-m\libm.a(lib_a-s_round.o)
                              LSM9DS1_Driver.o (round)
c:/dave-3.1.10/arm-gcc/bin/../lib/gcc/arm-none-eabi/4.7.4/armv7e-m\libgcc.a(_arm_addsubdf3.o)
                              c:/dave-3.1.10/arm-gcc/bin/../lib/gcc/arm-none-eabi/4.7.4/../../../../arm-none-eabi/lib/armv7e-m\libm.a(lib_a-s_ceil.o) (__aeabi_dadd)
c:/dave-3.1.10/arm-gcc/bin/../lib/gcc/arm-none-eabi/4.7.4/armv7e-m\libgcc.a(_arm_muldivdf3.o)
                              LSM9DS1_Driver.o (__aeabi_ddiv)
c:/dave-3.1.10/arm-gcc/bin/../lib/gcc/arm-none-eabi/4.7.4/armv7e-m\libgcc.a(_arm_cmpdf2.o)
                              c:/dave-3.1.10/arm-gcc/bin/../lib/gcc/arm-none-eabi/4.7.4/../../../../arm-none-eabi/lib/armv7e-m\libm.a(lib_a-s_ceil.o) (__aeabi_dcmpgt)
c:/dave-3.1.10/arm-gcc/bin/../lib/gcc/arm-none-eabi/4.7.4/armv7e-m\libgcc.a(_arm_fixdfsi.o)
                              LSM9DS1_Driver.o (__aeabi_d2iz)
c:/dave-3.1.10/arm-gcc/bin/../lib/gcc/arm-none-eabi/4.7.4/armv7e-m\libgcc.a(_arm_truncdfsf2.o)
                              LSM9DS1_Driver.o (__aeabi_d2f)
c:/dave-3.1.10/arm-gcc/bin/../lib/gcc/arm-none-eabi/4.7.4/../../../../arm-none-eabi/lib/armv7e-m\libg.a(lib_a-init.o)
                              Startup/startup_XMC4500.o (__libc_init_array)

Allocating common symbols
Common symbol       size              file

aBias               0xc               LSM9DS1_Driver.o
mBiasRaw            0x6               LSM9DS1_Driver.o
StatusReadBytes     0x4               LSM9DS1_Driver.o
TimerTbl            0x400             Dave/Generated/src/SYSTM001/SYSTM001.o
settings            0x28              LSM9DS1_Driver.o
_autoCalc           0x1               LSM9DS1_Driver.o
Status              0x4               LSM9DS1_Driver.o
gy                  0x2               LSM9DS1_Driver.o
az                  0x2               LSM9DS1_Driver.o
temperature         0x2               LSM9DS1_Driver.o
WriteTimerId        0x4               LSM9DS1_Driver.o
my                  0x2               LSM9DS1_Driver.o
ax                  0x2               LSM9DS1_Driver.o
aRes                0x4               LSM9DS1_Driver.o
_mAddress           0x1               LSM9DS1_Driver.o
_xgAddress          0x1               LSM9DS1_Driver.o
TimerIdReadBytes    0x4               LSM9DS1_Driver.o
gBiasRaw            0x6               LSM9DS1_Driver.o
pomiaryAccel        0x258             LSM9DS1_Driver.o
aBiasRaw            0x6               LSM9DS1_Driver.o
WriteTimerStatus    0x4               LSM9DS1_Driver.o
adrAndData          0x17              LSM9DS1_Driver.o
gz                  0x2               LSM9DS1_Driver.o
gRes                0x4               LSM9DS1_Driver.o
mz                  0x2               LSM9DS1_Driver.o
gBias               0xc               LSM9DS1_Driver.o
mRes                0x4               LSM9DS1_Driver.o
gx                  0x2               LSM9DS1_Driver.o
ay                  0x2               LSM9DS1_Driver.o
mx                  0x2               LSM9DS1_Driver.o
TimerId             0x4               LSM9DS1_Driver.o
mBias               0xc               LSM9DS1_Driver.o

Discarded input sections

 .group         0x00000000        0x8 FIFO_functions.o
 .group         0x00000000        0x8 FIFO_functions.o
 .group         0x00000000        0x8 FIFO_functions.o
 .group         0x00000000        0x8 FIFO_functions.o
 .group         0x00000000        0x8 FIFO_functions.o
 .group         0x00000000        0x8 FIFO_functions.o
 .group         0x00000000        0x8 FIFO_functions.o
 .group         0x00000000        0x8 FIFO_functions.o
 .group         0x00000000        0x8 FIFO_functions.o
 .group         0x00000000        0x8 FIFO_functions.o
 .group         0x00000000        0x8 FIFO_functions.o
 .group         0x00000000        0x8 FIFO_functions.o
 .group         0x00000000        0x8 FIFO_functions.o
 .group         0x00000000        0x8 FIFO_functions.o
 .group         0x00000000        0x8 FIFO_functions.o
 .group         0x00000000        0x8 FIFO_functions.o
 .group         0x00000000        0x8 FIFO_functions.o
 .group         0x00000000        0x8 FIFO_functions.o
 .group         0x00000000        0x8 FIFO_functions.o
 .group         0x00000000        0x8 FIFO_functions.o
 .group         0x00000000        0x8 FIFO_functions.o
 .group         0x00000000        0x8 FIFO_functions.o
 .group         0x00000000        0x8 FIFO_functions.o
 .group         0x00000000        0x8 FIFO_functions.o
 .group         0x00000000        0x8 FIFO_functions.o
 .group         0x00000000        0x8 FIFO_functions.o
 .group         0x00000000        0x8 FIFO_functions.o
 .comment       0x00000000       0x71 FIFO_functions.o
[...]
Memory Configuration

Name             Origin             Length             Attributes
FLASH_1_cached   0x08000000         0x00100000         xr
FLASH_1_uncached 0x0c000000         0x00100000         xr
PSRAM_1          0x10000000         0x00010000         !xr
DSRAM_1_system   0x20000000         0x00010000         !xr
DSRAM_2_comm     0x30000000         0x00008000         !xr
*default*        0x00000000         0xffffffff

Linker script and memory map

LOAD FIFO_functions.o
LOAD LSM9DS1_Driver.o
LOAD Main.o
LOAD Timer.o
LOAD Startup/startup_XMC4500.o
LOAD Startup/system_XMC4500.o
LOAD Lib/System_LibcStubs.o
LOAD Dave/Generated/src/SYSTM001/SYSTM001.o
LOAD Dave/Generated/src/RESET001/RESET001.o
LOAD Dave/Generated/src/NVIC002/NVIC002.o
LOAD Dave/Generated/src/NVIC002/NVIC002_Conf.o
LOAD Dave/Generated/src/LIBS/CCU8PWMLIB.o
LOAD Dave/Generated/src/LIBS/MOTORLIB.o
LOAD Dave/Generated/src/I2C001/I2C001.o
LOAD Dave/Generated/src/I2C001/I2C001_Conf.o
LOAD Dave/Generated/src/DAVESupport/DAVE3.o
LOAD Dave/Generated/src/DAVESupport/MULTIPLEXER.o
LOAD Dave/Generated/src/CLK001/CLK001.o
LOAD c:/dave-3.1.10/arm-gcc/bin/../lib/gcc/arm-none-eabi/4.7.4/../../../../arm-none-eabi/lib/armv7e-m\libm.a
START GROUP
LOAD c:/dave-3.1.10/arm-gcc/bin/../lib/gcc/arm-none-eabi/4.7.4/armv7e-m\libgcc.a
LOAD c:/dave-3.1.10/arm-gcc/bin/../lib/gcc/arm-none-eabi/4.7.4/../../../../arm-none-eabi/lib/armv7e-m\libg.a
LOAD c:/dave-3.1.10/arm-gcc/bin/../lib/gcc/arm-none-eabi/4.7.4/../../../../arm-none-eabi/lib/armv7e-m\libc.a
END GROUP
                0x00000800                stack_size = 0x800

.text           0x08000000     0x5fe0 load address 0x0c000000
                0x08000000                sText = .
 *(.Xmc4500.reset)
 .Xmc4500.reset
                0x08000000      0x21c Startup/startup_XMC4500.o
                0x08000000                __Xmc4500_interrupt_vector_cortex_m
                0x08000200                __Xmc4500_reset_cortex_m
 *(.Xmc4500.postreset)
 .Xmc4500.postreset
                0x0800021c       0xa8 Startup/startup_XMC4500.o
 *(.XmcStartup)
 .XmcStartup    0x080002c4        0x4 Startup/startup_XMC4500.o
 *(.text .text.* .gnu.linkonce.t.*)
 .text          0x080002c8        0x0 FIFO_functions.o
 .text.flushFIFO
                0x080002c8       0x2c FIFO_functions.o
                0x080002c8                flushFIFO
 .text.clearErrorFlags
                0x080002f4       0x70 FIFO_functions.o
                0x080002f4                clearErrorFlags
 .text          0x08000364        0x0 LSM9DS1_Driver.o
 .text.startMeasurements
                0x08000364       0x40 LSM9DS1_Driver.o
                0x08000364                startMeasurements
 .text.readAndSendMeasurements
                0x080003a4      0x314 LSM9DS1_Driver.o
                0x080003a4                readAndSendMeasurements
 .text.initAdrAndSubAdr
                0x080006b8       0x50 LSM9DS1_Driver.o
                0x080006b8                initAdrAndSubAdr
 .text.initLSM9DS1
                0x08000708       0x5c LSM9DS1_Driver.o
                0x08000708                initLSM9DS1
 .text.init     0x08000764      0x2bc LSM9DS1_Driver.o
                0x08000764                init
 .text.begin    0x08000a20       0xb8 LSM9DS1_Driver.o
                0x08000a20                begin
 .text.constrainScales
                0x08000ad8       0xdc LSM9DS1_Driver.o
                0x08000ad8                constrainScales
 .text.initI2C  0x08000bb4        0xc LSM9DS1_Driver.o
                0x08000bb4                initI2C
 .text.initSPI  0x08000bc0        0xc LSM9DS1_Driver.o
                0x08000bc0                initSPI
 .text.calcgRes
                0x08000bcc       0x34 LSM9DS1_Driver.o
                0x08000bcc                calcgRes
 .text.calcaRes
                0x08000c00       0x34 LSM9DS1_Driver.o
                0x08000c00                calcaRes
 .text.calcmRes
                0x08000c34       0xb4 LSM9DS1_Driver.o
                0x08000c34                calcmRes
 .text.delay    0x08000ce8       0x34 LSM9DS1_Driver.o
                0x08000ce8                delay
 .text.I2CreadByte
                0x08000d1c      0x150 LSM9DS1_Driver.o
                0x08000d1c                I2CreadByte
 .text.mReadByte
                0x08000e6c       0x3c LSM9DS1_Driver.o
                0x08000e6c                mReadByte
 .text.xgReadByte
                0x08000ea8       0x3c LSM9DS1_Driver.o
                0x08000ea8                xgReadByte
 .text.initGyro
                0x08000ee4      0x1a4 LSM9DS1_Driver.o
                0x08000ee4                initGyro
 .text.xgWriteByte
                0x08001088       0x3c LSM9DS1_Driver.o
                0x08001088                xgWriteByte
 .text.I2CwriteByte
                0x080010c4       0xd4 LSM9DS1_Driver.o
                0x080010c4                I2CwriteByte
 .text.initAccel
                0x08001198      0x144 LSM9DS1_Driver.o
                0x08001198                initAccel
 .text.initMag  0x080012dc      0x140 LSM9DS1_Driver.o
                0x080012dc                initMag
 .text.mWriteByte
                0x0800141c       0x40 LSM9DS1_Driver.o
                0x0800141c                mWriteByte
 .text.enableFIFO
                0x0800145c       0x44 LSM9DS1_Driver.o
                0x0800145c                enableFIFO
 .text.setFIFO  0x080014a0       0x40 LSM9DS1_Driver.o
                0x080014a0                setFIFO
 .text.calibrate
                0x080014e0      0x240 LSM9DS1_Driver.o
                0x080014e0                calibrate
 .text.xgReadBytes
                0x08001720       0x68 LSM9DS1_Driver.o
                0x08001720                xgReadBytes
 .text.SPIreadBytes
                0x08001788       0x1c LSM9DS1_Driver.o
                0x08001788                SPIreadBytes
 .text.readGyro1
                0x080017a4      0x144 LSM9DS1_Driver.o
                0x080017a4                readGyro1
 .text.readAccel1
                0x080018e8      0x134 LSM9DS1_Driver.o
                0x080018e8                readAccel1
 .text.readAccelToSensor
                0x08001a1c      0x1dc LSM9DS1_Driver.o
                0x08001a1c                readAccelToSensor
 .text.I2CreadBytes
                0x08001bf8      0x1ac LSM9DS1_Driver.o
                0x08001bf8                I2CreadBytes
 .text.magAvailable
                0x08001da4       0x38 LSM9DS1_Driver.o
                0x08001da4                magAvailable
 .text.readMag1
                0x08001ddc       0xa0 LSM9DS1_Driver.o
                0x08001ddc                readMag1
 .text.calibrateMag
                0x08001e7c      0x1e4 LSM9DS1_Driver.o
                0x08001e7c                calibrateMag
 .text.calcMag  0x08002060       0x54 LSM9DS1_Driver.o
                0x08002060                calcMag
 .text.magOffset
                0x080020b4       0x64 LSM9DS1_Driver.o
                0x080020b4                magOffset
 .text.accelAvailable
                0x08002118       0x24 LSM9DS1_Driver.o
                0x08002118                accelAvailable
 .text.gyroAvailable
                0x0800213c       0x28 LSM9DS1_Driver.o
                0x0800213c                gyroAvailable
 .text.tempAvailable
                0x08002164       0x28 LSM9DS1_Driver.o
                0x08002164                tempAvailable
 .text.readAccel
                0x0800218c       0xa4 LSM9DS1_Driver.o
                0x0800218c                readAccel
 .text.readMag  0x08002230       0x80 LSM9DS1_Driver.o
                0x08002230                readMag
 .text.readTemp
                0x080022b0       0x84 LSM9DS1_Driver.o
                0x080022b0                readTemp
 .text.readGyro
                0x08002334       0xa4 LSM9DS1_Driver.o
                0x08002334                readGyro
 .text.calcGyro
                0x080023d8       0x54 LSM9DS1_Driver.o
                0x080023d8                calcGyro
 .text.calcAccel
                0x0800242c       0x54 LSM9DS1_Driver.o
                0x0800242c                calcAccel
 .text.setGyroScale
                0x08002480       0x88 LSM9DS1_Driver.o
                0x08002480                setGyroScale
 .text.setAccelScale
                0x08002508       0x9c LSM9DS1_Driver.o
                0x08002508                setAccelScale
 .text.setMagScale
                0x080025a4       0xa4 LSM9DS1_Driver.o
                0x080025a4                setMagScale
 .text.setGyroODR
                0x08002648       0x60 LSM9DS1_Driver.o
                0x08002648                setGyroODR
 .text.setAccelODR
                0x080026a8       0x60 LSM9DS1_Driver.o
                0x080026a8                setAccelODR
 .text.setMagODR
                0x08002708       0x5c LSM9DS1_Driver.o
                0x08002708                setMagODR
 .text.configInt
                0x08002764       0x6c LSM9DS1_Driver.o
                0x08002764                configInt
 .text.configInactivity
                0x080027d0       0x50 LSM9DS1_Driver.o
                0x080027d0                configInactivity
 .text.getInactivity
                0x08002820       0x28 LSM9DS1_Driver.o
                0x08002820                getInactivity
 .text.configAccelInt
                0x08002848       0x34 LSM9DS1_Driver.o
                0x08002848                configAccelInt
 .text.configAccelThs
                0x0800287c       0x4c LSM9DS1_Driver.o
                0x0800287c                configAccelThs
 .text.getAccelIntSrc
                0x080028c8       0x34 LSM9DS1_Driver.o
                0x080028c8                getAccelIntSrc
 .text.configGyroInt
                0x080028fc       0x48 LSM9DS1_Driver.o
                0x080028fc                configGyroInt
 .text.configGyroThs
                0x08002944       0x7c LSM9DS1_Driver.o
                0x08002944                configGyroThs
 .text.getGyroIntSrc
                0x080029c0       0x34 LSM9DS1_Driver.o
                0x080029c0                getGyroIntSrc
 .text.configMagInt
                0x080029f4       0x58 LSM9DS1_Driver.o
                0x080029f4                configMagInt
 .text.configMagThs
                0x08002a4c       0x38 LSM9DS1_Driver.o
                0x08002a4c                configMagThs
 .text.getMagIntSrc
                0x08002a84       0x34 LSM9DS1_Driver.o
                0x08002a84                getMagIntSrc
 .text.sleepGyro
                0x08002ab8       0x44 LSM9DS1_Driver.o
                0x08002ab8                sleepGyro
 .text.getFIFOSamples
                0x08002afc       0x18 LSM9DS1_Driver.o
                0x08002afc                getFIFOSamples
 .text.timerHandlerReceiveOneMeasurementEachSensor
                0x08002b14      0x218 LSM9DS1_Driver.o
                0x08002b14                timerHandlerReceiveOneMeasurementEachSensor
 .text.receiveByte
                0x08002d2c      0x16c LSM9DS1_Driver.o
                0x08002d2c                receiveByte
 .text          0x08002e98        0x0 Main.o
 .text.main     0x08002e98       0x24 Main.o
                0x08002e98                main
 .text          0x08002ebc        0x0 Timer.o
 .text.makeTimer
                0x08002ebc       0x44 Timer.o
                0x08002ebc                makeTimer
 .text.removeTimer
                0x08002f00       0x44 Timer.o
                0x08002f00                removeTimer
 .text          0x08002f44       0xe2 Startup/startup_XMC4500.o
                0x08002f44                NMI_Handler
                0x08002f46                HardFault_Handler
                0x08002f48                MemManage_Handler
                0x08002f4a                BusFault_Handler
                0x08002f4c                UsageFault_Handler
                0x08002f4e                SVC_Handler
                0x08002f50                DebugMon_Handler
                0x08002f52                PendSV_Handler
                0x08002f56                SCU_0_IRQHandler
                0x08002f58                ERU0_0_IRQHandler
                0x08002f5a                ERU0_1_IRQHandler
                0x08002f5c                ERU0_2_IRQHandler
                0x08002f5e                ERU0_3_IRQHandler
                0x08002f60                ERU1_0_IRQHandler
                0x08002f62                ERU1_1_IRQHandler
                0x08002f64                ERU1_2_IRQHandler
                0x08002f66                ERU1_3_IRQHandler
                0x08002f68                PMU0_0_IRQHandler
                0x08002f6a                VADC0_C0_0_IRQHandler
                0x08002f6c                VADC0_C0_1_IRQHandler
                0x08002f6e                VADC0_C0_2_IRQHandler
                0x08002f70                VADC0_C0_3_IRQHandler
                0x08002f72                VADC0_G0_0_IRQHandler
                0x08002f74                VADC0_G0_1_IRQHandler
                0x08002f76                VADC0_G0_2_IRQHandler
                0x08002f78                VADC0_G0_3_IRQHandler
                0x08002f7a                VADC0_G1_0_IRQHandler
                0x08002f7c                VADC0_G1_1_IRQHandler
                0x08002f7e                VADC0_G1_2_IRQHandler
                0x08002f80                VADC0_G1_3_IRQHandler
                0x08002f82                VADC0_G2_0_IRQHandler
                0x08002f84                VADC0_G2_1_IRQHandler
                0x08002f86                VADC0_G2_2_IRQHandler
                0x08002f88                VADC0_G2_3_IRQHandler
                0x08002f8a                VADC0_G3_0_IRQHandler
                0x08002f8c                VADC0_G3_1_IRQHandler
                0x08002f8e                VADC0_G3_2_IRQHandler
                0x08002f90                VADC0_G3_3_IRQHandler
                0x08002f92                DSD0_0_IRQHandler
                0x08002f94                DSD0_1_IRQHandler
                0x08002f96                DSD0_2_IRQHandler
                0x08002f98                DSD0_3_IRQHandler
                0x08002f9a                DSD0_4_IRQHandler
                0x08002f9c                DSD0_5_IRQHandler
                0x08002f9e                DSD0_6_IRQHandler
                0x08002fa0                DSD0_7_IRQHandler
                0x08002fa2                DAC0_0_IRQHandler
                0x08002fa4                DAC0_1_IRQHandler
                0x08002fa6                CCU40_0_IRQHandler
                0x08002fa8                CCU40_1_IRQHandler
                0x08002faa                CCU40_2_IRQHandler
                0x08002fac                CCU40_3_IRQHandler
                0x08002fae                CCU41_0_IRQHandler
                0x08002fb0                CCU41_1_IRQHandler
                0x08002fb2                CCU41_2_IRQHandler
                0x08002fb4                CCU41_3_IRQHandler
                0x08002fb6                CCU42_0_IRQHandler
                0x08002fb8                CCU42_1_IRQHandler
                0x08002fba                CCU42_2_IRQHandler
                0x08002fbc                CCU42_3_IRQHandler
                0x08002fbe                CCU43_0_IRQHandler
                0x08002fc0                CCU43_1_IRQHandler
                0x08002fc2                CCU43_2_IRQHandler
                0x08002fc4                CCU43_3_IRQHandler
                0x08002fc6                CCU80_0_IRQHandler
                0x08002fc8                CCU80_1_IRQHandler
                0x08002fca                CCU80_2_IRQHandler
                0x08002fcc                CCU80_3_IRQHandler
                0x08002fce                CCU81_0_IRQHandler
                0x08002fd0                CCU81_1_IRQHandler
                0x08002fd2                CCU81_2_IRQHandler
                0x08002fd4                CCU81_3_IRQHandler
                0x08002fd6                POSIF0_0_IRQHandler
                0x08002fd8                POSIF0_1_IRQHandler
                0x08002fda                POSIF1_0_IRQHandler
                0x08002fdc                POSIF1_1_IRQHandler
                0x08002fde                CAN0_0_IRQHandler
                0x08002fe0                CAN0_1_IRQHandler
                0x08002fe2                CAN0_2_IRQHandler
                0x08002fe4                CAN0_3_IRQHandler
                0x08002fe6                CAN0_4_IRQHandler
                0x08002fe8                CAN0_5_IRQHandler
                0x08002fea                CAN0_6_IRQHandler
                0x08002fec                CAN0_7_IRQHandler
                0x08002fee                USIC0_0_IRQHandler
                0x08002ff0                USIC0_1_IRQHandler
                0x08002ff2                USIC0_2_IRQHandler
                0x08002ff4                USIC0_3_IRQHandler
                0x08002ff6                USIC0_4_IRQHandler
                0x08002ff8                USIC0_5_IRQHandler
                0x08002ffa                USIC1_0_IRQHandler
                0x08002ffc                USIC1_1_IRQHandler
                0x08002ffe                USIC1_2_IRQHandler
                0x08003000                USIC1_3_IRQHandler
                0x08003002                USIC1_4_IRQHandler
                0x08003004                USIC1_5_IRQHandler
                0x08003006                USIC2_0_IRQHandler
                0x08003008                USIC2_1_IRQHandler
                0x0800300a                USIC2_2_IRQHandler
                0x0800300c                USIC2_3_IRQHandler
                0x0800300e                USIC2_4_IRQHandler
                0x08003010                USIC2_5_IRQHandler
                0x08003012                LEDTS0_0_IRQHandler
                0x08003014                FCE0_0_IRQHandler
                0x08003016                GPDMA0_0_IRQHandler
                0x08003018                SDMMC0_0_IRQHandler
                0x0800301a                USB0_0_IRQHandler
                0x0800301c                ETH0_0_IRQHandler
                0x0800301e                GPDMA1_0_IRQHandler
 .text          0x08003026        0x0 Startup/system_XMC4500.o
 *fill*         0x08003026        0x2 00
 .text.SystemInit
                0x08003028       0x9c Startup/system_XMC4500.o
                0x08003028                SystemInit
 .text.SystemCoreClockUpdate
                0x080030c4      0x148 Startup/system_XMC4500.o
                0x080030c4                SystemCoreClockUpdate
 .text.SystemClockSetup
                0x0800320c      0x4cc Startup/system_XMC4500.o
 .text          0x080036d8        0x0 Lib/System_LibcStubs.o
 .text._open    0x080036d8       0x1c Lib/System_LibcStubs.o
                0x080036d8                _open
 .text._lseek   0x080036f4       0x1c Lib/System_LibcStubs.o
                0x080036f4                _lseek
 .text._read    0x08003710       0x1c Lib/System_LibcStubs.o
                0x08003710                _read
 .text._write   0x0800372c       0x1c Lib/System_LibcStubs.o
                0x0800372c                _write
 .text._close   0x08003748       0x10 Lib/System_LibcStubs.o
                0x08003748                _close
 .text._fstat   0x08003758       0x28 Lib/System_LibcStubs.o
                0x08003758                _fstat
 .text._link    0x08003780       0x28 Lib/System_LibcStubs.o
                0x08003780                _link
 .text._unlink  0x080037a8       0x18 Lib/System_LibcStubs.o
                0x080037a8                _unlink
 .text._sbrk    0x080037c0       0xa0 Lib/System_LibcStubs.o
                0x080037c0                _sbrk
 .text._times   0x08003860       0x18 Lib/System_LibcStubs.o
                0x08003860                _times
 .text._wait    0x08003878       0x18 Lib/System_LibcStubs.o
                0x08003878                _wait
 .text._kill    0x08003890       0x1c Lib/System_LibcStubs.o
                0x08003890                _kill
 .text._fork    0x080038ac       0x10 Lib/System_LibcStubs.o
                0x080038ac                _fork
 .text._getpid  0x080038bc       0x10 Lib/System_LibcStubs.o
                0x080038bc                _getpid
 .text._exit    0x080038cc        0xc Lib/System_LibcStubs.o
                0x080038cc                _exit
 .text._init    0x080038d8        0xc Lib/System_LibcStubs.o
                0x080038d8                _init
 .text._isatty  0x080038e4       0x18 Lib/System_LibcStubs.o
                0x080038e4                _isatty
 .text          0x080038fc        0x0 Dave/Generated/src/SYSTM001/SYSTM001.o
 .text.NVIC_GetPriorityGrouping
                0x080038fc       0x20 Dave/Generated/src/SYSTM001/SYSTM001.o
 .text.NVIC_SetPriority
                0x0800391c       0x5c Dave/Generated/src/SYSTM001/SYSTM001.o
 .text.NVIC_EncodePriority
                0x08003978       0x78 Dave/Generated/src/SYSTM001/SYSTM001.o
 .text.SysTick_Config
                0x080039f0       0x64 Dave/Generated/src/SYSTM001/SYSTM001.o
 .text.SYSTM001_lInsertTimerList
                0x08003a54      0x214 Dave/Generated/src/SYSTM001/SYSTM001.o
 .text.SYSTM001_lRemoveTimerList
                0x08003c68       0xd8 Dave/Generated/src/SYSTM001/SYSTM001.o
 .text.SYSTM001_lTimerHandler
                0x08003d40       0x94 Dave/Generated/src/SYSTM001/SYSTM001.o
 .text.SysTick_Handler
                0x08003dd4       0x5c Dave/Generated/src/SYSTM001/SYSTM001.o
                0x08003dd4                SysTick_Handler
 .text.SYSTM001_Init
                0x08003e30       0x64 Dave/Generated/src/SYSTM001/SYSTM001.o
                0x08003e30                SYSTM001_Init
 .text.SYSTM001_CreateTimer
                0x08003e94      0x1a0 Dave/Generated/src/SYSTM001/SYSTM001.o
                0x08003e94                SYSTM001_CreateTimer
 .text.SYSTM001_StartTimer
                0x08004034       0xb4 Dave/Generated/src/SYSTM001/SYSTM001.o
                0x08004034                SYSTM001_StartTimer
 .text.SYSTM001_StopTimer
                0x080040e8       0x90 Dave/Generated/src/SYSTM001/SYSTM001.o
                0x080040e8                SYSTM001_StopTimer
 .text.SYSTM001_DeleteTimer
                0x08004178       0x9c Dave/Generated/src/SYSTM001/SYSTM001.o
                0x08004178                SYSTM001_DeleteTimer
 .text.SYSTM001_GetTime
                0x08004214       0x18 Dave/Generated/src/SYSTM001/SYSTM001.o
                0x08004214                SYSTM001_GetTime
 .text.SYSTM001_GetSysTickCount
                0x0800422c       0x28 Dave/Generated/src/SYSTM001/SYSTM001.o
                0x0800422c                SYSTM001_GetSysTickCount
 .text          0x08004254        0x0 Dave/Generated/src/RESET001/RESET001.o
 .text.RESET001_AssertReset
                0x08004254       0x54 Dave/Generated/src/RESET001/RESET001.o
                0x08004254                RESET001_AssertReset
 .text.RESET001_DeassertReset
                0x080042a8       0x54 Dave/Generated/src/RESET001/RESET001.o
                0x080042a8                RESET001_DeassertReset
 .text.RESET001_GetResetInfo
                0x080042fc       0x2c Dave/Generated/src/RESET001/RESET001.o
                0x080042fc                RESET001_GetResetInfo
 .text.RESET001_GetStatus
                0x08004328       0x7c Dave/Generated/src/RESET001/RESET001.o
                0x08004328                RESET001_GetStatus
 .text.RESET001_ClearResetInfo
                0x080043a4       0x28 Dave/Generated/src/RESET001/RESET001.o
                0x080043a4                RESET001_ClearResetInfo
 .text          0x080043cc        0x0 Dave/Generated/src/NVIC002/NVIC002.o
 .text.NVIC_GetPriorityGrouping
                0x080043cc       0x20 Dave/Generated/src/NVIC002/NVIC002.o
 .text.NVIC_EnableIRQ
                0x080043ec       0x38 Dave/Generated/src/NVIC002/NVIC002.o
 .text.NVIC_SetPriority
                0x08004424       0x5c Dave/Generated/src/NVIC002/NVIC002.o
 .text.NVIC_EncodePriority
                0x08004480       0x78 Dave/Generated/src/NVIC002/NVIC002.o
 .text.NVIC002_EnableIRQ
                0x080044f8       0x20 Dave/Generated/src/NVIC002/NVIC002.o
 .text.NVIC002_Init
                0x08004518       0x38 Dave/Generated/src/NVIC002/NVIC002.o
                0x08004518                NVIC002_Init
 .text.NVIC002_lInit
                0x08004550       0x4c Dave/Generated/src/NVIC002/NVIC002.o
 .text          0x0800459c        0x0 Dave/Generated/src/NVIC002/NVIC002_Conf.o
 .text          0x0800459c        0x0 Dave/Generated/src/LIBS/CCU8PWMLIB.o
 .text          0x0800459c        0x0 Dave/Generated/src/LIBS/MOTORLIB.o
 .text          0x0800459c        0x0 Dave/Generated/src/I2C001/I2C001.o
 .text.I2C001_lInit
                0x0800459c      0x1bc Dave/Generated/src/I2C001/I2C001.o
                0x0800459c                I2C001_lInit
 .text.I2C001_lConfigureBitRate
                0x08004758      0x1a0 Dave/Generated/src/I2C001/I2C001.o
                0x08004758                I2C001_lConfigureBitRate
 .text.I2C001_Init
                0x080048f8       0xd8 Dave/Generated/src/I2C001/I2C001.o
                0x080048f8                I2C001_Init
 .text.I2C001_DeInit
                0x080049d0        0xc Dave/Generated/src/I2C001/I2C001.o
                0x080049d0                I2C001_DeInit
 .text.I2C001_Configure
                0x080049dc      0x100 Dave/Generated/src/I2C001/I2C001.o
                0x080049dc                I2C001_Configure
 .text.I2C001_ReadData
                0x08004adc       0x54 Dave/Generated/src/I2C001/I2C001.o
                0x08004adc                I2C001_ReadData
 .text.I2C001_WriteData
                0x08004b30       0x6c Dave/Generated/src/I2C001/I2C001.o
                0x08004b30                I2C001_WriteData
 .text.I2C001_GetFlagStatus
                0x08004b9c       0xc8 Dave/Generated/src/I2C001/I2C001.o
                0x08004b9c                I2C001_GetFlagStatus
 .text.I2C001_ClearFlag
                0x08004c64       0x84 Dave/Generated/src/I2C001/I2C001.o
                0x08004c64                I2C001_ClearFlag
 .text          0x08004ce8        0x0 Dave/Generated/src/I2C001/I2C001_Conf.o
 .text          0x08004ce8        0x0 Dave/Generated/src/DAVESupport/DAVE3.o
 .text.NVIC_SetPriorityGrouping
                0x08004ce8       0x50 Dave/Generated/src/DAVESupport/DAVE3.o
 .text.DAVE_Init
                0x08004d38       0x28 Dave/Generated/src/DAVESupport/DAVE3.o
                0x08004d38                DAVE_Init
 .text.SystemInit_DAVE3
                0x08004d60        0xc Dave/Generated/src/DAVESupport/DAVE3.o
                0x08004d60                SystemInit_DAVE3
 .text          0x08004d6c        0x0 Dave/Generated/src/DAVESupport/MULTIPLEXER.o
 .text.DAVE_MUX_Init
                0x08004d6c      0x13c Dave/Generated/src/DAVESupport/MULTIPLEXER.o
                0x08004d6c                DAVE_MUX_Init
 .text.DAVE_MUX_PreInit
                0x08004ea8        0xc Dave/Generated/src/DAVESupport/MULTIPLEXER.o
                0x08004ea8                DAVE_MUX_PreInit
 .text          0x08004eb4        0x0 Dave/Generated/src/CLK001/CLK001.o
 .text.CLK001_Delay
                0x08004eb4       0x34 Dave/Generated/src/CLK001/CLK001.o
 .text.CLK001_SysClk_Valid
                0x08004ee8       0x38 Dave/Generated/src/CLK001/CLK001.o
 .text.CLK001_BackupClkTrim
                0x08004f20       0x94 Dave/Generated/src/CLK001/CLK001.o
 .text.CLK001_SetMainPLLClkSrc
                0x08004fb4       0xf0 Dave/Generated/src/CLK001/CLK001.o
 .text.CLK001_ConfigMainPLL
                0x080050a4      0x15c Dave/Generated/src/CLK001/CLK001.o
 .text.CLK001_FreqStepupMainPLL
                0x08005200      0x164 Dave/Generated/src/CLK001/CLK001.o
 .text.CLK001_SysClk_Init
                0x08005364       0x50 Dave/Generated/src/CLK001/CLK001.o
 .text.CLK001_Init
                0x080053b4       0x30 Dave/Generated/src/CLK001/CLK001.o
                0x080053b4                CLK001_Init
 .text.AllowPLLInitByStartup
                0x080053e4       0x10 Dave/Generated/src/CLK001/CLK001.o
                0x080053e4                AllowPLLInitByStartup
 .text          0x080053f4        0x0 c:/dave-3.1.10/arm-gcc/bin/../lib/gcc/arm-none-eabi/4.7.4/../../../../arm-none-eabi/lib/armv7e-m\libm.a(lib_a-s_ceil.o)
 *fill*         0x080053f4        0x4 00
 .text.ceil     0x080053f8      0x120 c:/dave-3.1.10/arm-gcc/bin/../lib/gcc/arm-none-eabi/4.7.4/../../../../arm-none-eabi/lib/armv7e-m\libm.a(lib_a-s_ceil.o)
                0x080053f8                ceil
 .text          0x08005518        0x0 c:/dave-3.1.10/arm-gcc/bin/../lib/gcc/arm-none-eabi/4.7.4/../../../../arm-none-eabi/lib/armv7e-m\libm.a(lib_a-s_round.o)
 .text.round    0x08005518       0xa0 c:/dave-3.1.10/arm-gcc/bin/../lib/gcc/arm-none-eabi/4.7.4/../../../../arm-none-eabi/lib/armv7e-m\libm.a(lib_a-s_round.o)
                0x08005518                round
 .text          0x080055b8      0x370 c:/dave-3.1.10/arm-gcc/bin/../lib/gcc/arm-none-eabi/4.7.4/armv7e-m\libgcc.a(_arm_addsubdf3.o)
                0x080055b8                __aeabi_drsub
                0x080055c0                __aeabi_dsub
                0x080055c0                __subdf3
                0x080055c4                __aeabi_dadd
                0x080055c4                __adddf3
                0x0800583c                __floatunsidf
                0x0800583c                __aeabi_ui2d
                0x0800585c                __floatsidf
                0x0800585c                __aeabi_i2d
                0x08005880                __aeabi_f2d
                0x08005880                __extendsfdf2
                0x080058bc                __floatundidf
                0x080058bc                __aeabi_ul2d
                0x080058cc                __floatdidf
                0x080058cc                __aeabi_l2d
 .text          0x08005928      0x424 c:/dave-3.1.10/arm-gcc/bin/../lib/gcc/arm-none-eabi/4.7.4/armv7e-m\libgcc.a(_arm_muldivdf3.o)
                0x08005928                __aeabi_dmul
                0x08005928                __muldf3
                0x08005b7c                __divdf3
                0x08005b7c                __aeabi_ddiv
 .text          0x08005d4c      0x110 c:/dave-3.1.10/arm-gcc/bin/../lib/gcc/arm-none-eabi/4.7.4/armv7e-m\libgcc.a(_arm_cmpdf2.o)
                0x08005d4c                __gtdf2
                0x08005d4c                __gedf2
                0x08005d54                __ltdf2
                0x08005d54                __ledf2
                0x08005d5c                __nedf2
                0x08005d5c                __eqdf2
                0x08005d5c                __cmpdf2
                0x08005dd8                __aeabi_cdrcmple
                0x08005de8                __aeabi_cdcmpeq
                0x08005de8                __aeabi_cdcmple
                0x08005df8                __aeabi_dcmpeq
                0x08005e0c                __aeabi_dcmplt
                0x08005e20                __aeabi_dcmple
                0x08005e34                __aeabi_dcmpge
                0x08005e48                __aeabi_dcmpgt
 .text          0x08005e5c       0x50 c:/dave-3.1.10/arm-gcc/bin/../lib/gcc/arm-none-eabi/4.7.4/armv7e-m\libgcc.a(_arm_fixdfsi.o)
                0x08005e5c                __aeabi_d2iz
                0x08005e5c                __fixdfsi
 .text          0x08005eac       0xa0 c:/dave-3.1.10/arm-gcc/bin/../lib/gcc/arm-none-eabi/4.7.4/armv7e-m\libgcc.a(_arm_truncdfsf2.o)
                0x08005eac                __truncdfsf2
                0x08005eac                __aeabi_d2f
 .text          0x08005f4c        0x0 c:/dave-3.1.10/arm-gcc/bin/../lib/gcc/arm-none-eabi/4.7.4/../../../../arm-none-eabi/lib/armv7e-m\libg.a(lib_a-init.o)
 .text.__libc_init_array
                0x08005f4c       0x94 c:/dave-3.1.10/arm-gcc/bin/../lib/gcc/arm-none-eabi/4.7.4/../../../../arm-none-eabi/lib/armv7e-m\libg.a(lib_a-init.o)
                0x08005f4c                __libc_init_array
 *(.glue*)
 .glue_7        0x00000000        0x0 linker stubs
 .glue_7t       0x00000000        0x0 linker stubs
 *(.v4*)
 .v4_bx         0x00000000        0x0 linker stubs
 *(.vfp11_veneer)
 .vfp11_veneer  0x00000000        0x0 linker stubs
 *(.init)
                0x08005fe0                __preinit_array_start = .
 *(.preinit_array)
                0x08005fe0                __preinit_array_end = .
                0x08005fe0                __init_array_start = .
 *(SORT(.init_array.*))
 *(.init_array)
                0x08005fe0                __init_array_end = .
 *crtbegin.o(.ctors)
 *(EXCLUDE_FILE(*crtend.o) .ctors)
 *(SORT(.ctors.*))
 *crtend.o(.ctors)
 *(.fini)
                0x08005fe0                __fini_array_start = .
 *(.fini_array)
 *(SORT(.fini_array.*))
                0x08005fe0                __fini_array_end = .
 *crtbegin.o(.dtors)
 *(EXCLUDE_FILE(*crtend.o) .dtors)
 *(SORT(.dtors.*))
 *crtend.o(.dtors)
                0x08005fe0                __extab_start = .
 *(.ARM.extab* .gnu.linkonce.armextab.*)
 .ARM.extab.Xmc4500.reset
                0x08005fe0        0x0 Startup/startup_XMC4500.o
 .ARM.extab.Xmc4500.postreset
                0x08005fe0        0x0 Startup/startup_XMC4500.o
                0x08005fe0                . = ALIGN (0x4)
                0x08005fe0                __extab_end = ABSOLUTE (.)

.iplt           0x08005fe0        0x0 load address 0x0c005fe0
 .iplt          0x00000000        0x0 FIFO_functions.o

.ARM.exidx      0x08005fe0       0x10 load address 0x0c005fe0
                0x08005fe0                __exidx_start = .
 *(.ARM.exidx* .gnu.linkonce.armexidx.*)
 .ARM.exidx.Xmc4500.reset
                0x08005fe0        0x8 Startup/startup_XMC4500.o
 .ARM.exidx.Xmc4500.postreset
                0x08005fe8        0x8 Startup/startup_XMC4500.o
                0x08005ff0                . = ALIGN (0x4)
                0x08005ff0                __exidx_end = ABSOLUTE (.)

.rodata         0x08005ff0       0x1c load address 0x0c005ff0
 *(.rodata .rodata.*)
 .rodata        0x08005ff0        0x4 Dave/Generated/src/NVIC002/NVIC002_Conf.o
                0x08005ff0                NVIC002_Handle0
 .rodata        0x08005ff4       0x18 Dave/Generated/src/I2C001/I2C001_Conf.o
                0x08005ff4                I2C001_Handle0
 *(.gnu.linkonce.r*)

.rel.dyn        0x0800600c        0x0 load address 0x0c00600c
 .rel.iplt      0x00000000        0x0 FIFO_functions.o
                0x08006010                . = ALIGN (0x10)
                0x0c006010                eROData = (. | 0x4000000)

Stack           0x10000000      0x800
                0x10000800                . = (. + stack_size)
 *fill*         0x10000000      0x800 00
                0x10000800                __Xmc4500_stack = .

.data3          0x10000800        0x0
                0x10000800                __data3_start = .
 *(.data3)
                0x10000800                __data3_end = .
                0x00000000                __data3_size = (__data3_end - __data3_start)

.data           0x20000000       0x20 load address 0x0c006010
                0x20000000                __Xmc4500_sData = .
 *(.data)
 .data          0x20000000        0x0 FIFO_functions.o
 .data          0x20000000       0x18 LSM9DS1_Driver.o
                0x20000000                StatusTimerReadMeasurements
                0x20000004                readingAllowed
                0x20000008                magSensitivity
 .data          0x20000018        0x0 Main.o
 .data          0x20000018        0x0 Timer.o
 .data          0x20000018        0x0 Startup/startup_XMC4500.o
 .data          0x20000018        0x4 Startup/system_XMC4500.o
                0x20000018                SystemCoreClock
 .data          0x2000001c        0x0 Lib/System_LibcStubs.o
 .data          0x2000001c        0x0 Dave/Generated/src/SYSTM001/SYSTM001.o
 .data          0x2000001c        0x0 Dave/Generated/src/RESET001/RESET001.o
 .data          0x2000001c        0x0 Dave/Generated/src/NVIC002/NVIC002.o
 .data          0x2000001c        0x4 Dave/Generated/src/NVIC002/NVIC002_Conf.o
                0x2000001c                NVIC002_HandleArray
 .data          0x20000020        0x0 Dave/Generated/src/LIBS/CCU8PWMLIB.o
 .data          0x20000020        0x0 Dave/Generated/src/LIBS/MOTORLIB.o
 .data          0x20000020        0x0 Dave/Generated/src/I2C001/I2C001.o
 .data          0x20000020        0x0 Dave/Generated/src/I2C001/I2C001_Conf.o
 .data          0x20000020        0x0 Dave/Generated/src/DAVESupport/DAVE3.o
 .data          0x20000020        0x0 Dave/Generated/src/DAVESupport/MULTIPLEXER.o
 .data          0x20000020        0x0 Dave/Generated/src/CLK001/CLK001.o
 .data          0x20000020        0x0 c:/dave-3.1.10/arm-gcc/bin/../lib/gcc/arm-none-eabi/4.7.4/../../../../arm-none-eabi/lib/armv7e-m\libm.a(lib_a-s_ceil.o)
 .data          0x20000020        0x0 c:/dave-3.1.10/arm-gcc/bin/../lib/gcc/arm-none-eabi/4.7.4/../../../../arm-none-eabi/lib/armv7e-m\libm.a(lib_a-s_round.o)
 .data          0x20000020        0x0 c:/dave-3.1.10/arm-gcc/bin/../lib/gcc/arm-none-eabi/4.7.4/armv7e-m\libgcc.a(_arm_addsubdf3.o)
 .data          0x20000020        0x0 c:/dave-3.1.10/arm-gcc/bin/../lib/gcc/arm-none-eabi/4.7.4/armv7e-m\libgcc.a(_arm_muldivdf3.o)
 .data          0x20000020        0x0 c:/dave-3.1.10/arm-gcc/bin/../lib/gcc/arm-none-eabi/4.7.4/armv7e-m\libgcc.a(_arm_cmpdf2.o)
 .data          0x20000020        0x0 c:/dave-3.1.10/arm-gcc/bin/../lib/gcc/arm-none-eabi/4.7.4/armv7e-m\libgcc.a(_arm_fixdfsi.o)
 .data          0x20000020        0x0 c:/dave-3.1.10/arm-gcc/bin/../lib/gcc/arm-none-eabi/4.7.4/armv7e-m\libgcc.a(_arm_truncdfsf2.o)
 .data          0x20000020        0x0 c:/dave-3.1.10/arm-gcc/bin/../lib/gcc/arm-none-eabi/4.7.4/../../../../arm-none-eabi/lib/armv7e-m\libg.a(lib_a-init.o)
 *(.data*)
 *(*.data)
 *(.gnu.linkonce.d*)
                0x20000020                __Xmc4500_eData = ALIGN (0x4)
                0x00000020                __Xmc4500_Data_Size = (__Xmc4500_eData - __Xmc4500_sData)

.igot.plt       0x20000020        0x0 load address 0x0c006030
 .igot.plt      0x00000000        0x0 FIFO_functions.o

.ram_code       0x10000800        0x0 load address 0x0c006030
                0x10000800                __ram_code_start = .
 *(.ram_code)
                0x10000800                __ram_code_end = .
                0x0c006030                __ram_code_load = LOADADDR (.ram_code)
                0x00000000                __ram_code_size = (__ram_code_end - __ram_code_start)

.bss            0x20000020      0x74c load address 0x0c006030
                0x20000020                __Xmc4500_sBSS = .
 *(.bss)
 .bss           0x20000020        0x0 FIFO_functions.o
 .bss           0x20000020       0x10 LSM9DS1_Driver.o
                0x20000020                TimerIdReadMeasurements
                0x20000024                counter
 .bss           0x20000030        0x0 Main.o
 .bss           0x20000030        0x0 Timer.o
 .bss           0x20000030        0x0 Startup/startup_XMC4500.o
 .bss           0x20000030        0x0 Startup/system_XMC4500.o
 .bss           0x20000030        0xc Lib/System_LibcStubs.o
                0x20000030                __dso_handle
 .bss           0x2000003c        0xc Dave/Generated/src/SYSTM001/SYSTM001.o
                0x2000003c                TimerList
                0x20000040                TimerTracker
                0x20000044                SysTickCount
 .bss           0x20000048        0x0 Dave/Generated/src/RESET001/RESET001.o
 .bss           0x20000048        0x0 Dave/Generated/src/NVIC002/NVIC002.o
 .bss           0x20000048        0x0 Dave/Generated/src/NVIC002/NVIC002_Conf.o
 .bss           0x20000048        0x0 Dave/Generated/src/LIBS/CCU8PWMLIB.o
 .bss           0x20000048        0x0 Dave/Generated/src/LIBS/MOTORLIB.o
 .bss           0x20000048        0x0 Dave/Generated/src/I2C001/I2C001.o
 .bss           0x20000048        0x0 Dave/Generated/src/I2C001/I2C001_Conf.o
 .bss           0x20000048        0x0 Dave/Generated/src/DAVESupport/DAVE3.o
 .bss           0x20000048        0x0 Dave/Generated/src/DAVESupport/MULTIPLEXER.o
 .bss           0x20000048        0x8 Dave/Generated/src/CLK001/CLK001.o
 .bss           0x20000050        0x0 c:/dave-3.1.10/arm-gcc/bin/../lib/gcc/arm-none-eabi/4.7.4/../../../../arm-none-eabi/lib/armv7e-m\libm.a(lib_a-s_ceil.o)
 .bss           0x20000050        0x0 c:/dave-3.1.10/arm-gcc/bin/../lib/gcc/arm-none-eabi/4.7.4/../../../../arm-none-eabi/lib/armv7e-m\libm.a(lib_a-s_round.o)
 .bss           0x20000050        0x0 c:/dave-3.1.10/arm-gcc/bin/../lib/gcc/arm-none-eabi/4.7.4/armv7e-m\libgcc.a(_arm_addsubdf3.o)
 .bss           0x20000050        0x0 c:/dave-3.1.10/arm-gcc/bin/../lib/gcc/arm-none-eabi/4.7.4/armv7e-m\libgcc.a(_arm_muldivdf3.o)
 .bss           0x20000050        0x0 c:/dave-3.1.10/arm-gcc/bin/../lib/gcc/arm-none-eabi/4.7.4/armv7e-m\libgcc.a(_arm_cmpdf2.o)
 .bss           0x20000050        0x0 c:/dave-3.1.10/arm-gcc/bin/../lib/gcc/arm-none-eabi/4.7.4/armv7e-m\libgcc.a(_arm_fixdfsi.o)
 .bss           0x20000050        0x0 c:/dave-3.1.10/arm-gcc/bin/../lib/gcc/arm-none-eabi/4.7.4/armv7e-m\libgcc.a(_arm_truncdfsf2.o)
 .bss           0x20000050        0x0 c:/dave-3.1.10/arm-gcc/bin/../lib/gcc/arm-none-eabi/4.7.4/../../../../arm-none-eabi/lib/armv7e-m\libg.a(lib_a-init.o)
 *(.bss*)
 *(COMMON)
 COMMON         0x20000050      0x31c LSM9DS1_Driver.o
                0x20000050                aBias
                0x2000005c                mBiasRaw
                0x20000064                StatusReadBytes
                0x20000068                settings
                0x20000090                _autoCalc
                0x20000094                Status
                0x20000098                gy
                0x2000009a                az
                0x2000009c                temperature
                0x200000a0                WriteTimerId
                0x200000a4                my
                0x200000a6                ax
                0x200000a8                aRes
                0x200000ac                _mAddress
                0x200000ad                _xgAddress
                0x200000b0                TimerIdReadBytes
                0x200000b4                gBiasRaw
                0x200000bc                pomiaryAccel
                0x20000314                aBiasRaw
                0x2000031c                WriteTimerStatus
                0x20000320                adrAndData
                0x20000338                gz
                0x2000033c                gRes
                0x20000340                mz
                0x20000344                gBias
                0x20000350                mRes
                0x20000354                gx
                0x20000356                ay
                0x20000358                mx
                0x2000035c                TimerId
                0x20000360                mBias
 COMMON         0x2000036c      0x400 Dave/Generated/src/SYSTM001/SYSTM001.o
                0x2000036c                TimerTbl
 *(.gnu.linkonce.b*)
                0x2000076c                __Xmc4500_eBSS = ALIGN (0x4)
                0x2000076c                . = ALIGN (0x4)
                0x2000076c                Heap_Bank1_Start = .
                0x0000074c                __Xmc4500_BSS_Size = (__Xmc4500_eBSS - __Xmc4500_sBSS)

.data2          0x30000000        0x0
                0x30000000                __data2_start = .
 *(ETH_RAM)
                0x30000000                __data2_end = .
                0x00000000                __data2_size = (__data2_end - __data2_start)
                0x0000f894                Heap_Bank1_Size = (0x10000 - (Heap_Bank1_Start - ORIGIN (DSRAM_1_system)))

DSRAM2_Heap     0x30000000        0x0
                0x30000000                Heap_Bank2_Start = .
                0x00008000                Heap_Bank2_Size = (0x8000 - (Heap_Bank2_Start - ORIGIN (DSRAM_2_comm)))

PSRAM_Heap      0x10000800        0x0
                0x10000800                Heap_Bank3_Start = .
                0x0000f800                Heap_Bank3_Size = (0x10000 - (Heap_Bank3_Start - ORIGIN (PSRAM_1)))

/DISCARD/
 *(.comment)

.stab
 *(.stab)

.stabstr
 *(.stabstr)

.debug
 *(.debug)

.line
 *(.line)

.debug_srcinfo
 *(.debug_srcinfo)

.debug_sfnames
 *(.debug_sfnames)

.debug_aranges  0x00000000      0x640
 *(.debug_aranges)
 .debug_aranges
                0x00000000       0x28 FIFO_functions.o
 .debug_aranges
                0x00000028      0x230 LSM9DS1_Driver.o
 .debug_aranges
                0x00000258       0x20 Main.o
 .debug_aranges
                0x00000278       0x28 Timer.o
 .debug_aranges
                0x000002a0       0x38 Startup/startup_XMC4500.o
 .debug_aranges
                0x000002d8       0x30 Startup/system_XMC4500.o
 .debug_aranges
                0x00000308       0xa0 Lib/System_LibcStubs.o
 .debug_aranges
                0x000003a8       0x90 Dave/Generated/src/SYSTM001/SYSTM001.o
 .debug_aranges
                0x00000438       0x40 Dave/Generated/src/RESET001/RESET001.o
 .debug_aranges
                0x00000478       0x50 Dave/Generated/src/NVIC002/NVIC002.o
 .debug_aranges
                0x000004c8       0x18 Dave/Generated/src/NVIC002/NVIC002_Conf.o
 .debug_aranges
                0x000004e0       0x18 Dave/Generated/src/LIBS/CCU8PWMLIB.o
 .debug_aranges
                0x000004f8       0x18 Dave/Generated/src/LIBS/MOTORLIB.o
 .debug_aranges
                0x00000510       0x60 Dave/Generated/src/I2C001/I2C001.o
 .debug_aranges
                0x00000570       0x18 Dave/Generated/src/I2C001/I2C001_Conf.o
 .debug_aranges
                0x00000588       0x30 Dave/Generated/src/DAVESupport/DAVE3.o
 .debug_aranges
                0x000005b8       0x28 Dave/Generated/src/DAVESupport/MULTIPLEXER.o
 .debug_aranges
                0x000005e0       0x60 Dave/Generated/src/CLK001/CLK001.o

.debug_pubnames
 *(.debug_pubnames)

.debug_pubtypes
 *(.debug_pubtypes)

.debug_info     0x00000000     0x7a72
 *(.debug_info .gnu.linkonce.wi.*)
 .debug_info    0x00000000      0x590 FIFO_functions.o
 .debug_info    0x00000590     0x1ff2 LSM9DS1_Driver.o
 .debug_info    0x00002582      0x5d4 Main.o
 .debug_info    0x00002b56      0x1ab Timer.o
 .debug_info    0x00002d01       0x77 Startup/startup_XMC4500.o
 .debug_info    0x00002d78      0xaf0 Startup/system_XMC4500.o
 .debug_info    0x00003868      0x65f Lib/System_LibcStubs.o
 .debug_info    0x00003ec7      0xc2e Dave/Generated/src/SYSTM001/SYSTM001.o
 .debug_info    0x00004af5      0x47c Dave/Generated/src/RESET001/RESET001.o
 .debug_info    0x00004f71      0x884 Dave/Generated/src/NVIC002/NVIC002.o
 .debug_info    0x000057f5      0x127 Dave/Generated/src/NVIC002/NVIC002_Conf.o
 .debug_info    0x0000591c       0x94 Dave/Generated/src/LIBS/CCU8PWMLIB.o
 .debug_info    0x000059b0       0x94 Dave/Generated/src/LIBS/MOTORLIB.o
 .debug_info    0x00005a44      0xbd1 Dave/Generated/src/I2C001/I2C001.o
 .debug_info    0x00006615      0x54a Dave/Generated/src/I2C001/I2C001_Conf.o
 .debug_info    0x00006b5f      0x2e9 Dave/Generated/src/DAVESupport/DAVE3.o
 .debug_info    0x00006e48      0x5a1 Dave/Generated/src/DAVESupport/MULTIPLEXER.o
 .debug_info    0x000073e9      0x689 Dave/Generated/src/CLK001/CLK001.o

.debug_abbrev   0x00000000     0x162a
 *(.debug_abbrev)
 .debug_abbrev  0x00000000      0x157 FIFO_functions.o
 .debug_abbrev  0x00000157      0x349 LSM9DS1_Driver.o
 .debug_abbrev  0x000004a0       0xe7 Main.o
 .debug_abbrev  0x00000587       0xb5 Timer.o
 .debug_abbrev  0x0000063c       0x12 Startup/startup_XMC4500.o
 .debug_abbrev  0x0000064e      0x154 Startup/system_XMC4500.o
 .debug_abbrev  0x000007a2      0x149 Lib/System_LibcStubs.o
 .debug_abbrev  0x000008eb      0x26b Dave/Generated/src/SYSTM001/SYSTM001.o
 .debug_abbrev  0x00000b56      0x122 Dave/Generated/src/RESET001/RESET001.o
 .debug_abbrev  0x00000c78      0x1c1 Dave/Generated/src/NVIC002/NVIC002.o
 .debug_abbrev  0x00000e39       0x9f Dave/Generated/src/NVIC002/NVIC002_Conf.o
 .debug_abbrev  0x00000ed8       0x4e Dave/Generated/src/LIBS/CCU8PWMLIB.o
 .debug_abbrev  0x00000f26       0x4e Dave/Generated/src/LIBS/MOTORLIB.o
 .debug_abbrev  0x00000f74      0x20a Dave/Generated/src/I2C001/I2C001.o
 .debug_abbrev  0x0000117e      0x110 Dave/Generated/src/I2C001/I2C001_Conf.o
 .debug_abbrev  0x0000128e       0xf3 Dave/Generated/src/DAVESupport/DAVE3.o
 .debug_abbrev  0x00001381      0x123 Dave/Generated/src/DAVESupport/MULTIPLEXER.o
 .debug_abbrev  0x000014a4      0x186 Dave/Generated/src/CLK001/CLK001.o

.debug_line     0x00000000     0x7f26
 *(.debug_line)
 .debug_line    0x00000000      0x81e FIFO_functions.o
 .debug_line    0x0000081e     0x1242 LSM9DS1_Driver.o
 .debug_line    0x00001a60      0x8c2 Main.o
 .debug_line    0x00002322      0x80e Timer.o
 .debug_line    0x00002b30      0x130 Startup/startup_XMC4500.o
 .debug_line    0x00002c60      0x3b7 Startup/system_XMC4500.o
 .debug_line    0x00003017      0x3c1 Lib/System_LibcStubs.o
 .debug_line    0x000033d8      0xa05 Dave/Generated/src/SYSTM001/SYSTM001.o
 .debug_line    0x00003ddd      0x41e Dave/Generated/src/RESET001/RESET001.o
 .debug_line    0x000041fb      0x433 Dave/Generated/src/NVIC002/NVIC002.o
 .debug_line    0x0000462e      0x373 Dave/Generated/src/NVIC002/NVIC002_Conf.o
 .debug_line    0x000049a1      0x82f Dave/Generated/src/LIBS/CCU8PWMLIB.o
 .debug_line    0x000051d0      0x82b Dave/Generated/src/LIBS/MOTORLIB.o
 .debug_line    0x000059fb      0x930 Dave/Generated/src/I2C001/I2C001.o
 .debug_line    0x0000632b      0x7f8 Dave/Generated/src/I2C001/I2C001_Conf.o
 .debug_line    0x00006b23      0x7b1 Dave/Generated/src/DAVESupport/DAVE3.o
 .debug_line    0x000072d4      0x7a3 Dave/Generated/src/DAVESupport/MULTIPLEXER.o
 .debug_line    0x00007a77      0x4af Dave/Generated/src/CLK001/CLK001.o

.debug_frame    0x00000000     0x123c
 *(.debug_frame)
 .debug_frame   0x00000000       0x48 FIFO_functions.o
 .debug_frame   0x00000048      0x858 LSM9DS1_Driver.o
 .debug_frame   0x000008a0       0x2c Main.o
 .debug_frame   0x000008cc       0x50 Timer.o
 .debug_frame   0x0000091c       0x6c Startup/system_XMC4500.o
 .debug_frame   0x00000988      0x1ec Lib/System_LibcStubs.o
 .debug_frame   0x00000b74      0x1d0 Dave/Generated/src/SYSTM001/SYSTM001.o
 .debug_frame   0x00000d44       0x9c Dave/Generated/src/RESET001/RESET001.o
 .debug_frame   0x00000de0       0xe4 Dave/Generated/src/NVIC002/NVIC002.o
 .debug_frame   0x00000ec4      0x114 Dave/Generated/src/I2C001/I2C001.o
 .debug_frame   0x00000fd8       0x64 Dave/Generated/src/DAVESupport/DAVE3.o
 .debug_frame   0x0000103c       0x48 Dave/Generated/src/DAVESupport/MULTIPLEXER.o
 .debug_frame   0x00001084      0x120 Dave/Generated/src/CLK001/CLK001.o
 .debug_frame   0x000011a4       0x38 c:/dave-3.1.10/arm-gcc/bin/../lib/gcc/arm-none-eabi/4.7.4/../../../../arm-none-eabi/lib/armv7e-m\libm.a(lib_a-s_ceil.o)
 .debug_frame   0x000011dc       0x30 c:/dave-3.1.10/arm-gcc/bin/../lib/gcc/arm-none-eabi/4.7.4/../../../../arm-none-eabi/lib/armv7e-m\libm.a(lib_a-s_round.o)
 .debug_frame   0x0000120c       0x30 c:/dave-3.1.10/arm-gcc/bin/../lib/gcc/arm-none-eabi/4.7.4/../../../../arm-none-eabi/lib/armv7e-m\libg.a(lib_a-init.o)

.debug_str      0x00000000    0x9a633
 *(.debug_str)
 .debug_str     0x00000000    0x92ab5 FIFO_functions.o
                              0x92f90 (size before relaxing)
 .debug_str     0x00092ab5     0x48f0 LSM9DS1_Driver.o
                              0x978d0 (size before relaxing)
 .debug_str     0x000973a5       0x2d Main.o
                              0x955b2 (size before relaxing)
 .debug_str     0x000973d2       0x68 Timer.o
                              0x92dac (size before relaxing)
 .debug_str     0x0009743a      0x646 Startup/system_XMC4500.o
                              0x90474 (size before relaxing)
 .debug_str     0x00097a80     0x14fe Lib/System_LibcStubs.o
                               0x5894 (size before relaxing)
 .debug_str     0x00098f7e      0xc0c Dave/Generated/src/SYSTM001/SYSTM001.o
                              0x93ac6 (size before relaxing)
 .debug_str     0x00099b8a      0x349 Dave/Generated/src/RESET001/RESET001.o
                              0x907d3 (size before relaxing)
 .debug_str     0x00099ed3       0xa2 Dave/Generated/src/NVIC002/NVIC002.o
                              0x90900 (size before relaxing)
 .debug_str     0x00099f75       0x3d Dave/Generated/src/NVIC002/NVIC002_Conf.o
                              0x90175 (size before relaxing)
 .debug_str     0x00099fb2       0x28 Dave/Generated/src/LIBS/CCU8PWMLIB.o
                              0x92d08 (size before relaxing)
 .debug_str     0x00099fda       0x26 Dave/Generated/src/LIBS/MOTORLIB.o
                              0x92d06 (size before relaxing)
 .debug_str     0x0009a000      0x39f Dave/Generated/src/I2C001/I2C001.o
                              0x934a1 (size before relaxing)
 .debug_str     0x0009a39f       0x2b Dave/Generated/src/I2C001/I2C001_Conf.o
                              0x92f7a (size before relaxing)
 .debug_str     0x0009a3ca       0x68 Dave/Generated/src/DAVESupport/DAVE3.o
                              0x92dd6 (size before relaxing)
 .debug_str     0x0009a432       0x5b Dave/Generated/src/DAVESupport/MULTIPLEXER.o
                              0x92ebe (size before relaxing)
 .debug_str     0x0009a48d      0x1a6 Dave/Generated/src/CLK001/CLK001.o
                              0x90a5c (size before relaxing)

.debug_loc      0x00000000     0x1de6
 *(.debug_loc)
 .debug_loc     0x00000000       0x64 FIFO_functions.o
 .debug_loc     0x00000064      0xe3e LSM9DS1_Driver.o
 .debug_loc     0x00000ea2       0x2c Main.o
 .debug_loc     0x00000ece       0x70 Timer.o
 .debug_loc     0x00000f3e       0xa8 Startup/system_XMC4500.o
 .debug_loc     0x00000fe6      0x388 Lib/System_LibcStubs.o
 .debug_loc     0x0000136e      0x330 Dave/Generated/src/SYSTM001/SYSTM001.o
 .debug_loc     0x0000169e      0x118 Dave/Generated/src/RESET001/RESET001.o
 .debug_loc     0x000017b6      0x17c Dave/Generated/src/NVIC002/NVIC002.o
 .debug_loc     0x00001932      0x1e0 Dave/Generated/src/I2C001/I2C001.o
 .debug_loc     0x00001b12       0x90 Dave/Generated/src/DAVESupport/DAVE3.o
 .debug_loc     0x00001ba2       0x64 Dave/Generated/src/DAVESupport/MULTIPLEXER.o
 .debug_loc     0x00001c06      0x1e0 Dave/Generated/src/CLK001/CLK001.o

.debug_macinfo
 *(.debug_macinfo)

.debug_ranges   0x00000000      0x508
 *(.debug_ranges)
 .debug_ranges  0x00000000       0x18 FIFO_functions.o
 .debug_ranges  0x00000018      0x220 LSM9DS1_Driver.o
 .debug_ranges  0x00000238       0x10 Main.o
 .debug_ranges  0x00000248       0x18 Timer.o
 .debug_ranges  0x00000260       0x30 Startup/startup_XMC4500.o
 .debug_ranges  0x00000290       0x20 Startup/system_XMC4500.o
 .debug_ranges  0x000002b0       0x90 Lib/System_LibcStubs.o
 .debug_ranges  0x00000340       0x80 Dave/Generated/src/SYSTM001/SYSTM001.o
 .debug_ranges  0x000003c0       0x30 Dave/Generated/src/RESET001/RESET001.o
 .debug_ranges  0x000003f0       0x40 Dave/Generated/src/NVIC002/NVIC002.o
 .debug_ranges  0x00000430       0x50 Dave/Generated/src/I2C001/I2C001.o
 .debug_ranges  0x00000480       0x20 Dave/Generated/src/DAVESupport/DAVE3.o
 .debug_ranges  0x000004a0       0x18 Dave/Generated/src/DAVESupport/MULTIPLEXER.o
 .debug_ranges  0x000004b8       0x50 Dave/Generated/src/CLK001/CLK001.o

.debug_weaknames
 *(.debug_weaknames)

.debug_funcnames
 *(.debug_funcnames)

.debug_typenames
 *(.debug_typenames)

.debug_varnames
 *(.debug_varnames)

.build_attributes
                0x00000000      0x510
 *(.ARM.attributes)
 .ARM.attributes
                0x00000000       0x39 FIFO_functions.o
 .ARM.attributes
                0x00000039       0x39 LSM9DS1_Driver.o
 .ARM.attributes
                0x00000072       0x39 Main.o
 .ARM.attributes
                0x000000ab       0x39 Timer.o
 .ARM.attributes
                0x000000e4       0x27 Startup/startup_XMC4500.o
 .ARM.attributes
                0x0000010b       0x39 Startup/system_XMC4500.o
 .ARM.attributes
                0x00000144       0x39 Lib/System_LibcStubs.o
 .ARM.attributes
                0x0000017d       0x39 Dave/Generated/src/SYSTM001/SYSTM001.o
 .ARM.attributes
                0x000001b6       0x39 Dave/Generated/src/RESET001/RESET001.o
 .ARM.attributes
                0x000001ef       0x39 Dave/Generated/src/NVIC002/NVIC002.o
 .ARM.attributes
                0x00000228       0x39 Dave/Generated/src/NVIC002/NVIC002_Conf.o
 .ARM.attributes
                0x00000261       0x39 Dave/Generated/src/LIBS/CCU8PWMLIB.o
 .ARM.attributes
                0x0000029a       0x39 Dave/Generated/src/LIBS/MOTORLIB.o
 .ARM.attributes
                0x000002d3       0x39 Dave/Generated/src/I2C001/I2C001.o
 .ARM.attributes
                0x0000030c       0x39 Dave/Generated/src/I2C001/I2C001_Conf.o
 .ARM.attributes
                0x00000345       0x39 Dave/Generated/src/DAVESupport/DAVE3.o
 .ARM.attributes
                0x0000037e       0x39 Dave/Generated/src/DAVESupport/MULTIPLEXER.o
 .ARM.attributes
                0x000003b7       0x39 Dave/Generated/src/CLK001/CLK001.o
 .ARM.attributes
                0x000003f0       0x2e c:/dave-3.1.10/arm-gcc/bin/../lib/gcc/arm-none-eabi/4.7.4/../../../../arm-none-eabi/lib/armv7e-m\libm.a(lib_a-s_ceil.o)
 .ARM.attributes
                0x0000041e       0x2e c:/dave-3.1.10/arm-gcc/bin/../lib/gcc/arm-none-eabi/4.7.4/../../../../arm-none-eabi/lib/armv7e-m\libm.a(lib_a-s_round.o)
 .ARM.attributes
                0x0000044c       0x1e c:/dave-3.1.10/arm-gcc/bin/../lib/gcc/arm-none-eabi/4.7.4/armv7e-m\libgcc.a(_arm_addsubdf3.o)
 .ARM.attributes
                0x0000046a       0x1e c:/dave-3.1.10/arm-gcc/bin/../lib/gcc/arm-none-eabi/4.7.4/armv7e-m\libgcc.a(_arm_muldivdf3.o)
 .ARM.attributes
                0x00000488       0x1e c:/dave-3.1.10/arm-gcc/bin/../lib/gcc/arm-none-eabi/4.7.4/armv7e-m\libgcc.a(_arm_cmpdf2.o)
 .ARM.attributes
                0x000004a6       0x1e c:/dave-3.1.10/arm-gcc/bin/../lib/gcc/arm-none-eabi/4.7.4/armv7e-m\libgcc.a(_arm_fixdfsi.o)
 .ARM.attributes
                0x000004c4       0x1e c:/dave-3.1.10/arm-gcc/bin/../lib/gcc/arm-none-eabi/4.7.4/armv7e-m\libgcc.a(_arm_truncdfsf2.o)
 .ARM.attributes
                0x000004e2       0x2e c:/dave-3.1.10/arm-gcc/bin/../lib/gcc/arm-none-eabi/4.7.4/../../../../arm-none-eabi/lib/armv7e-m\libg.a(lib_a-init.o)
OUTPUT(BachelorLSM9DS1.elf elf32-littlearm)

.debug_macro    0x00000000    0x1a726
 .debug_macro   0x00000000      0x19b FIFO_functions.o
 .debug_macro   0x0000019b      0x814 FIFO_functions.o
 .debug_macro   0x000009af       0x2d FIFO_functions.o
 .debug_macro   0x000009dc       0x3b FIFO_functions.o
 .debug_macro   0x00000a17       0x3a FIFO_functions.o
 .debug_macro   0x00000a51       0x10 FIFO_functions.o
 .debug_macro   0x00000a61       0x2e FIFO_functions.o
 .debug_macro   0x00000a8f       0xa3 FIFO_functions.o
 .debug_macro   0x00000b32      0x20e FIFO_functions.o
 .debug_macro   0x00000d40       0x2d FIFO_functions.o
 .debug_macro   0x00000d6d       0x42 FIFO_functions.o
 .debug_macro   0x00000daf      0xd39 FIFO_functions.o
 .debug_macro   0x00001ae8       0x70 FIFO_functions.o
 .debug_macro   0x00001b58    0x150f5 FIFO_functions.o
 .debug_macro   0x00016c4d      0x16c FIFO_functions.o
 .debug_macro   0x00016db9       0x22 FIFO_functions.o
 .debug_macro   0x00016ddb      0x54a FIFO_functions.o
 .debug_macro   0x00017325       0x64 FIFO_functions.o
 .debug_macro   0x00017389       0x46 FIFO_functions.o
 .debug_macro   0x000173cf      0x160 FIFO_functions.o
 .debug_macro   0x0001752f      0x130 FIFO_functions.o
 .debug_macro   0x0001765f       0x7f FIFO_functions.o
 .debug_macro   0x000176de       0xb4 FIFO_functions.o
 .debug_macro   0x00017792       0x28 FIFO_functions.o
 .debug_macro   0x000177ba       0xb5 FIFO_functions.o
 .debug_macro   0x0001786f       0x49 FIFO_functions.o
 .debug_macro   0x000178b8       0x16 FIFO_functions.o
 .debug_macro   0x000178ce       0x1c FIFO_functions.o
 .debug_macro   0x000178ea      0x2ca LSM9DS1_Driver.o
 .debug_macro   0x00017bb4       0x16 LSM9DS1_Driver.o
 .debug_macro   0x00017bca      0x1cc LSM9DS1_Driver.o
 .debug_macro   0x00017d96       0x10 LSM9DS1_Driver.o
 .debug_macro   0x00017da6       0x35 LSM9DS1_Driver.o
 .debug_macro   0x00017ddb       0x10 LSM9DS1_Driver.o
 .debug_macro   0x00017deb       0x3a LSM9DS1_Driver.o
 .debug_macro   0x00017e25       0x52 LSM9DS1_Driver.o
 .debug_macro   0x00017e77       0x43 LSM9DS1_Driver.o
 .debug_macro   0x00017eba      0x16d LSM9DS1_Driver.o
 .debug_macro   0x00018027       0x10 LSM9DS1_Driver.o
 .debug_macro   0x00018037       0x22 LSM9DS1_Driver.o
 .debug_macro   0x00018059       0x91 LSM9DS1_Driver.o
 .debug_macro   0x000180ea       0x16 LSM9DS1_Driver.o
 .debug_macro   0x00018100      0x16d LSM9DS1_Driver.o
 .debug_macro   0x0001826d       0x10 LSM9DS1_Driver.o
 .debug_macro   0x0001827d      0x447 LSM9DS1_Driver.o
 .debug_macro   0x000186c4      0x1da LSM9DS1_Driver.o
 .debug_macro   0x0001889e       0x10 LSM9DS1_Driver.o
 .debug_macro   0x000188ae       0x16 LSM9DS1_Driver.o
 .debug_macro   0x000188c4       0x23 LSM9DS1_Driver.o
 .debug_macro   0x000188e7      0x24f Main.o
 .debug_macro   0x00018b36      0x19b Timer.o
 .debug_macro   0x00018cd1      0x17e Startup/system_XMC4500.o
 .debug_macro   0x00018e4f       0x6a Startup/system_XMC4500.o
 .debug_macro   0x00018eb9      0x119 Lib/System_LibcStubs.o
 .debug_macro   0x00018fd2       0x19 Lib/System_LibcStubs.o
 .debug_macro   0x00018feb       0x10 Lib/System_LibcStubs.o
 .debug_macro   0x00018ffb       0x16 Lib/System_LibcStubs.o
 .debug_macro   0x00019011       0x89 Lib/System_LibcStubs.o
 .debug_macro   0x0001909a       0xf5 Lib/System_LibcStubs.o
 .debug_macro   0x0001918f       0x34 Lib/System_LibcStubs.o
 .debug_macro   0x000191c3      0x120 Lib/System_LibcStubs.o
 .debug_macro   0x000192e3       0x16 Lib/System_LibcStubs.o
 .debug_macro   0x000192f9      0x495 Lib/System_LibcStubs.o
 .debug_macro   0x0001978e      0x24d Dave/Generated/src/SYSTM001/SYSTM001.o
 .debug_macro   0x000199db       0xff Dave/Generated/src/RESET001/RESET001.o
 .debug_macro   0x00019ada       0xd2 Dave/Generated/src/NVIC002/NVIC002.o
 .debug_macro   0x00019bac       0xd2 Dave/Generated/src/NVIC002/NVIC002_Conf.o
 .debug_macro   0x00019c7e      0x195 Dave/Generated/src/LIBS/CCU8PWMLIB.o
 .debug_macro   0x00019e13      0x195 Dave/Generated/src/LIBS/MOTORLIB.o
 .debug_macro   0x00019fa8      0x1dd Dave/Generated/src/I2C001/I2C001.o
 .debug_macro   0x0001a185      0x191 Dave/Generated/src/I2C001/I2C001_Conf.o
 .debug_macro   0x0001a316      0x191 Dave/Generated/src/DAVESupport/DAVE3.o
 .debug_macro   0x0001a4a7      0x191 Dave/Generated/src/DAVESupport/MULTIPLEXER.o
 .debug_macro   0x0001a638       0xee Dave/Generated/src/CLK001/CLK001.o
